Archive member included to satisfy reference by file (symbol)

/usr/lib/gcc/arm-none-eabi/12.2.0/thumb/v6-m/nofp/libgcc.a(_dvmd_tls.o)
                              CMakeFiles/dds-sweeper.dir/home/atripathi/Desktop/9th_Semester_Project/RPI_PICO/pico-sdk/src/rp2_common/pico_divider/divider.S.obj (__aeabi_idiv0)
/usr/lib/gcc/arm-none-eabi/12.2.0/../../../../arm-none-eabi/lib/thumb/v6-m/nofp/libc.a(lib_a-atexit.o)
                              /usr/lib/gcc/arm-none-eabi/12.2.0/../../../../arm-none-eabi/lib/thumb/v6-m/nofp/crt0.o (atexit)
/usr/lib/gcc/arm-none-eabi/12.2.0/../../../../arm-none-eabi/lib/thumb/v6-m/nofp/libc.a(lib_a-calloc.o)
                              CMakeFiles/dds-sweeper.dir/home/atripathi/Desktop/9th_Semester_Project/RPI_PICO/pico-sdk/src/rp2_common/pico_malloc/pico_malloc.c.obj (calloc)
/usr/lib/gcc/arm-none-eabi/12.2.0/../../../../arm-none-eabi/lib/thumb/v6-m/nofp/libc.a(lib_a-callocr.o)
                              /usr/lib/gcc/arm-none-eabi/12.2.0/../../../../arm-none-eabi/lib/thumb/v6-m/nofp/libc.a(lib_a-calloc.o) (_calloc_r)
/usr/lib/gcc/arm-none-eabi/12.2.0/../../../../arm-none-eabi/lib/thumb/v6-m/nofp/libc.a(lib_a-errno.o)
                              /usr/lib/gcc/arm-none-eabi/12.2.0/../../../../arm-none-eabi/lib/thumb/v6-m/nofp/libc.a(lib_a-callocr.o) (__errno)
/usr/lib/gcc/arm-none-eabi/12.2.0/../../../../arm-none-eabi/lib/thumb/v6-m/nofp/libc.a(lib_a-fini.o)
                              /usr/lib/gcc/arm-none-eabi/12.2.0/../../../../arm-none-eabi/lib/thumb/v6-m/nofp/crt0.o (__libc_fini_array)
/usr/lib/gcc/arm-none-eabi/12.2.0/../../../../arm-none-eabi/lib/thumb/v6-m/nofp/libc.a(lib_a-impure.o)
                              /usr/lib/gcc/arm-none-eabi/12.2.0/../../../../arm-none-eabi/lib/thumb/v6-m/nofp/libc.a(lib_a-calloc.o) (_impure_ptr)
/usr/lib/gcc/arm-none-eabi/12.2.0/../../../../arm-none-eabi/lib/thumb/v6-m/nofp/libc.a(lib_a-init.o)
                              /usr/lib/gcc/arm-none-eabi/12.2.0/../../../../arm-none-eabi/lib/thumb/v6-m/nofp/crt0.o (__libc_init_array)
/usr/lib/gcc/arm-none-eabi/12.2.0/../../../../arm-none-eabi/lib/thumb/v6-m/nofp/libc.a(lib_a-malloc.o)
                              CMakeFiles/dds-sweeper.dir/home/atripathi/Desktop/9th_Semester_Project/RPI_PICO/pico-sdk/src/rp2_common/pico_malloc/pico_malloc.c.obj (malloc)
/usr/lib/gcc/arm-none-eabi/12.2.0/../../../../arm-none-eabi/lib/thumb/v6-m/nofp/libc.a(lib_a-mallocr.o)
                              /usr/lib/gcc/arm-none-eabi/12.2.0/../../../../arm-none-eabi/lib/thumb/v6-m/nofp/libc.a(lib_a-callocr.o) (_malloc_r)
/usr/lib/gcc/arm-none-eabi/12.2.0/../../../../arm-none-eabi/lib/thumb/v6-m/nofp/libc.a(lib_a-mlock.o)
                              /usr/lib/gcc/arm-none-eabi/12.2.0/../../../../arm-none-eabi/lib/thumb/v6-m/nofp/libc.a(lib_a-mallocr.o) (__malloc_lock)
/usr/lib/gcc/arm-none-eabi/12.2.0/../../../../arm-none-eabi/lib/thumb/v6-m/nofp/libc.a(lib_a-realloc.o)
                              CMakeFiles/dds-sweeper.dir/home/atripathi/Desktop/9th_Semester_Project/RPI_PICO/pico-sdk/src/rp2_common/pico_malloc/pico_malloc.c.obj (realloc)
/usr/lib/gcc/arm-none-eabi/12.2.0/../../../../arm-none-eabi/lib/thumb/v6-m/nofp/libc.a(lib_a-reallocr.o)
                              /usr/lib/gcc/arm-none-eabi/12.2.0/../../../../arm-none-eabi/lib/thumb/v6-m/nofp/libc.a(lib_a-realloc.o) (_realloc_r)
/usr/lib/gcc/arm-none-eabi/12.2.0/../../../../arm-none-eabi/lib/thumb/v6-m/nofp/libc.a(lib_a-sbrkr.o)
                              /usr/lib/gcc/arm-none-eabi/12.2.0/../../../../arm-none-eabi/lib/thumb/v6-m/nofp/libc.a(lib_a-mallocr.o) (_sbrk_r)
/usr/lib/gcc/arm-none-eabi/12.2.0/../../../../arm-none-eabi/lib/thumb/v6-m/nofp/libc.a(lib_a-strcmp.o)
                              CMakeFiles/dds-sweeper.dir/dds-sweeper.c.obj (strcmp)
/usr/lib/gcc/arm-none-eabi/12.2.0/../../../../arm-none-eabi/lib/thumb/v6-m/nofp/libc.a(lib_a-strlen-stub.o)
                              CMakeFiles/dds-sweeper.dir/home/atripathi/Desktop/9th_Semester_Project/RPI_PICO/pico-sdk/src/rp2_common/pico_stdio/stdio.c.obj (strlen)
/usr/lib/gcc/arm-none-eabi/12.2.0/../../../../arm-none-eabi/lib/thumb/v6-m/nofp/libc.a(lib_a-strncmp.o)
                              CMakeFiles/dds-sweeper.dir/dds-sweeper.c.obj (strncmp)
/usr/lib/gcc/arm-none-eabi/12.2.0/../../../../arm-none-eabi/lib/thumb/v6-m/nofp/libc.a(lib_a-__atexit.o)
                              /usr/lib/gcc/arm-none-eabi/12.2.0/../../../../arm-none-eabi/lib/thumb/v6-m/nofp/libc.a(lib_a-atexit.o) (__register_exitproc)
/usr/lib/gcc/arm-none-eabi/12.2.0/../../../../arm-none-eabi/lib/thumb/v6-m/nofp/libc.a(lib_a-__call_atexit.o)
                              /usr/lib/gcc/arm-none-eabi/12.2.0/../../../../arm-none-eabi/lib/thumb/v6-m/nofp/libc.a(lib_a-__atexit.o) (__atexit_recursive_mutex)
/usr/lib/gcc/arm-none-eabi/12.2.0/../../../../arm-none-eabi/lib/thumb/v6-m/nofp/libc.a(lib_a-freer.o)
[...]
Memory Configuration

Name             Origin             Length             Attributes
FLASH            0x10000000         0x00200000         xr
RAM              0x20000000         0x00040000         xrw
SCRATCH_X        0x20040000         0x00001000         xrw
SCRATCH_Y        0x20041000         0x00001000         xrw
*default*        0x00000000         0xffffffff

Linker script and memory map

LOAD /usr/lib/gcc/arm-none-eabi/12.2.0/thumb/v6-m/nofp/crti.o
LOAD /usr/lib/gcc/arm-none-eabi/12.2.0/thumb/v6-m/nofp/crtbegin.o
LOAD /usr/lib/gcc/arm-none-eabi/12.2.0/../../../../arm-none-eabi/lib/thumb/v6-m/nofp/crt0.o

.flash_begin    0x10000000        0x0
                0x10000000                        __flash_binary_start = .

.boot2          0x10000000      0x100
                0x10000000                        __boot2_start__ = .
 *(.boot2)
 .boot2         0x10000000      0x100 /tmp/ccaX4SHL.o
                0x10000100                        __boot2_end__ = .
                0x00000001                        ASSERT (((__boot2_end__ - __boot2_start__) == 0x100), ERROR: Pico second stage bootloader must be 256 bytes in size)

.text           0x10000100     0xb1d8
                0x10000100                        __logical_binary_start = .
 *(.vectors)
 .vectors       0x10000100       0xd4 CMakeFiles/dds-sweeper.dir/home/atripathi/Desktop/9th_Semester_Project/RPI_PICO/pico-sdk/src/rp2_common/pico_standard_link/crt0.S.obj
                0x10000100                __vectors
                0x10000100                __VECTOR_TABLE
                0x100001c0                isr_invalid
                0x100001c0                __default_isrs_start
                0x100001c2                isr_nmi
                0x100001c4                isr_hardfault
                0x100001c6                isr_svcall
                0x100001c8                isr_pendsv
                0x100001ca                isr_systick
                0x100001cc                isr_irq30
                0x100001cc                __unhandled_user_irq
                0x100001cc                isr_irq13
                0x100001cc                isr_irq27
                0x100001cc                isr_irq31
                0x100001cc                isr_irq5
                0x100001cc                isr_irq11
                0x100001cc                isr_irq23
                0x100001cc                isr_irq18
                0x100001cc                isr_irq28
                0x100001cc                isr_irq19
                0x100001cc                isr_irq0
                0x100001cc                isr_irq6
                0x100001cc                isr_irq22
                0x100001cc                isr_irq17
                0x100001cc                isr_irq14
                0x100001cc                isr_irq2
                0x100001cc                isr_irq10
                0x100001cc                isr_irq8
                0x100001cc                isr_irq24
                0x100001cc                isr_irq1
                0x100001cc                isr_irq7
                0x100001cc                isr_irq21
                0x100001cc                isr_irq20
                0x100001cc                isr_irq15
                0x100001cc                isr_irq25
                0x100001cc                isr_irq4
                0x100001cc                isr_irq16
                0x100001cc                isr_irq29
                0x100001cc                isr_irq26
                0x100001cc                __default_isrs_end
                0x100001cc                isr_irq3
                0x100001cc                isr_irq12
                0x100001cc                isr_irq9
                0x100001d2                unhandled_user_irq_num_in_r0
 *(.binary_info_header)
 .binary_info_header
                0x100001d4       0x14 CMakeFiles/dds-sweeper.dir/home/atripathi/Desktop/9th_Semester_Project/RPI_PICO/pico-sdk/src/rp2_common/pico_standard_link/crt0.S.obj
                0x100001e8                        __binary_info_header_end = .
 *(.reset)
 .reset         0x100001e8       0xa0 CMakeFiles/dds-sweeper.dir/home/atripathi/Desktop/9th_Semester_Project/RPI_PICO/pico-sdk/src/rp2_common/pico_standard_link/crt0.S.obj
                0x100001e8                _entry_point
 .reset         0x10000288       0x30 CMakeFiles/dds-sweeper.dir/home/atripathi/Desktop/9th_Semester_Project/RPI_PICO/pico-sdk/src/rp2_common/pico_standard_link/binary_info.c.obj
 *(.init)
 .init          0x100002b8        0x4 /usr/lib/gcc/arm-none-eabi/12.2.0/thumb/v6-m/nofp/crti.o
                0x100002b8                _init
 *(EXCLUDE_FILE(*libm.a: *libc.a:*lib_a-mem*.o *libgcc.a:) .text*)
 .text          0x100002bc       0x98 /usr/lib/gcc/arm-none-eabi/12.2.0/thumb/v6-m/nofp/crtbegin.o
 .text.background
                0x10000354      0x1c8 CMakeFiles/dds-sweeper.dir/dds-sweeper.c.obj
                0x10000354                background
 .text.init_pio
                0x1000051c      0x140 CMakeFiles/dds-sweeper.dir/dds-sweeper.c.obj
                0x1000051c                init_pio
 .text.measure_freqs
                0x1000065c       0xb8 CMakeFiles/dds-sweeper.dir/dds-sweeper.c.obj
                0x1000065c                measure_freqs
 .text.reset    0x10000714       0x5c CMakeFiles/dds-sweeper.dir/dds-sweeper.c.obj
                0x10000714                reset
 .text.loop     0x10000770     0x2ed0 CMakeFiles/dds-sweeper.dir/dds-sweeper.c.obj
                0x10000770                loop
 .text.startup.main
                0x10003640      0x154 CMakeFiles/dds-sweeper.dir/dds-sweeper.c.obj
                0x10003640                main
 .text.get_asf  0x10003794       0x4c CMakeFiles/dds-sweeper.dir/ad9959.c.obj
                0x10003794                get_asf
 .text.get_ftw  0x100037e0       0x68 CMakeFiles/dds-sweeper.dir/ad9959.c.obj
                0x100037e0                get_ftw
 .text.send_channel
                0x10003848       0x48 CMakeFiles/dds-sweeper.dir/ad9959.c.obj
                0x10003848                send_channel
 .text.read_all
                0x10003890      0x270 CMakeFiles/dds-sweeper.dir/ad9959.c.obj
                0x10003890                read_all
 .text.set_pll_mult
                0x10003b00       0x4c CMakeFiles/dds-sweeper.dir/ad9959.c.obj
                0x10003b00                set_pll_mult
 .text.set_ref_clk
                0x10003b4c       0x14 CMakeFiles/dds-sweeper.dir/ad9959.c.obj
                0x10003b4c                set_ref_clk
 .text.single_step_mode
                0x10003b60       0x58 CMakeFiles/dds-sweeper.dir/ad9959.c.obj
                0x10003b60                single_step_mode
 .text.clear    0x10003bb8       0x34 CMakeFiles/dds-sweeper.dir/ad9959.c.obj
                0x10003bb8                clear
 .text.set_sys_clock_pll
                0x10003bec       0x78 CMakeFiles/dds-sweeper.dir/home/atripathi/Desktop/9th_Semester_Project/RPI_PICO/pico-sdk/src/rp2_common/pico_stdlib/stdlib.c.obj
                0x10003bec                set_sys_clock_pll
 .text.check_sys_clock_khz
                0x10003c64      0x210 CMakeFiles/dds-sweeper.dir/home/atripathi/Desktop/9th_Semester_Project/RPI_PICO/pico-sdk/src/rp2_common/pico_stdlib/stdlib.c.obj
                0x10003c64                check_sys_clock_khz
 .text.gpio_set_function
                0x10003e74       0x30 CMakeFiles/dds-sweeper.dir/home/atripathi/Desktop/9th_Semester_Project/RPI_PICO/pico-sdk/src/rp2_common/hardware_gpio/gpio.c.obj
                0x10003e74                gpio_set_function
 .text.gpio_init
                0x10003ea4       0x3c CMakeFiles/dds-sweeper.dir/home/atripathi/Desktop/9th_Semester_Project/RPI_PICO/pico-sdk/src/rp2_common/hardware_gpio/gpio.c.obj
                0x10003ea4                gpio_init
 .text.running_on_fpga
                0x10003ee0       0x10 CMakeFiles/dds-sweeper.dir/home/atripathi/Desktop/9th_Semester_Project/RPI_PICO/pico-sdk/src/rp2_common/pico_platform/platform.c.obj
                0x10003ee0                running_on_fpga
 .text.hw_claim_lock
                0x10003ef0       0x18 CMakeFiles/dds-sweeper.dir/home/atripathi/Desktop/9th_Semester_Project/RPI_PICO/pico-sdk/src/rp2_common/hardware_claim/claim.c.obj
                0x10003ef0                hw_claim_lock
 .text.hw_claim_unlock
                0x10003f08       0x14 CMakeFiles/dds-sweeper.dir/home/atripathi/Desktop/9th_Semester_Project/RPI_PICO/pico-sdk/src/rp2_common/hardware_claim/claim.c.obj
                0x10003f08                hw_claim_unlock
 .text.hw_claim_or_assert
                0x10003f1c       0x44 CMakeFiles/dds-sweeper.dir/home/atripathi/Desktop/9th_Semester_Project/RPI_PICO/pico-sdk/src/rp2_common/hardware_claim/claim.c.obj
                0x10003f1c                hw_claim_or_assert
 .text.hw_claim_unused_from_range
                0x10003f60       0x9c CMakeFiles/dds-sweeper.dir/home/atripathi/Desktop/9th_Semester_Project/RPI_PICO/pico-sdk/src/rp2_common/hardware_claim/claim.c.obj
                0x10003f60                hw_claim_unused_from_range
 .text.spin_locks_reset
                0x10003ffc       0x1c CMakeFiles/dds-sweeper.dir/home/atripathi/Desktop/9th_Semester_Project/RPI_PICO/pico-sdk/src/rp2_common/hardware_sync/sync.c.obj
                0x10003ffc                spin_locks_reset
 .text.next_striped_spin_lock_num
                0x10004018       0x18 CMakeFiles/dds-sweeper.dir/home/atripathi/Desktop/9th_Semester_Project/RPI_PICO/pico-sdk/src/rp2_common/hardware_sync/sync.c.obj
                0x10004018                next_striped_spin_lock_num
 .text.spin_lock_claim_unused
                0x10004030       0x24 CMakeFiles/dds-sweeper.dir/home/atripathi/Desktop/9th_Semester_Project/RPI_PICO/pico-sdk/src/rp2_common/hardware_sync/sync.c.obj
                0x10004030                spin_lock_claim_unused
 .text.irq_set_enabled
                0x10004054       0x24 CMakeFiles/dds-sweeper.dir/home/atripathi/Desktop/9th_Semester_Project/RPI_PICO/pico-sdk/src/rp2_common/hardware_irq/irq.c.obj
                0x10004054                irq_set_enabled
 .text.irq_is_enabled
                0x10004078       0x18 CMakeFiles/dds-sweeper.dir/home/atripathi/Desktop/9th_Semester_Project/RPI_PICO/pico-sdk/src/rp2_common/hardware_irq/irq.c.obj
                0x10004078                irq_is_enabled
 .text.irq_set_pending
                0x10004090       0x10 CMakeFiles/dds-sweeper.dir/home/atripathi/Desktop/9th_Semester_Project/RPI_PICO/pico-sdk/src/rp2_common/hardware_irq/irq.c.obj
                0x10004090                irq_set_pending
 .text.irq_has_shared_handler
                0x100040a0       0x2c CMakeFiles/dds-sweeper.dir/home/atripathi/Desktop/9th_Semester_Project/RPI_PICO/pico-sdk/src/rp2_common/hardware_irq/irq.c.obj
                0x100040a0                irq_has_shared_handler
 .text.irq_get_vtable_handler
                0x100040cc       0x10 CMakeFiles/dds-sweeper.dir/home/atripathi/Desktop/9th_Semester_Project/RPI_PICO/pico-sdk/src/rp2_common/hardware_irq/irq.c.obj
                0x100040cc                irq_get_vtable_handler
 .text.irq_set_exclusive_handler
                0x100040dc       0x54 CMakeFiles/dds-sweeper.dir/home/atripathi/Desktop/9th_Semester_Project/RPI_PICO/pico-sdk/src/rp2_common/hardware_irq/irq.c.obj
                0x100040dc                irq_set_exclusive_handler
 .text.irq_add_shared_handler
                0x10004130      0x1e0 CMakeFiles/dds-sweeper.dir/home/atripathi/Desktop/9th_Semester_Project/RPI_PICO/pico-sdk/src/rp2_common/hardware_irq/irq.c.obj
                0x10004130                irq_add_shared_handler
 .text.irq_remove_handler
                0x10004310      0x1c4 CMakeFiles/dds-sweeper.dir/home/atripathi/Desktop/9th_Semester_Project/RPI_PICO/pico-sdk/src/rp2_common/hardware_irq/irq.c.obj
                0x10004310                irq_remove_handler
 .text.irq_add_tail_to_free_list
                0x100044d4       0xb4 CMakeFiles/dds-sweeper.dir/home/atripathi/Desktop/9th_Semester_Project/RPI_PICO/pico-sdk/src/rp2_common/hardware_irq/irq.c.obj
                0x100044d4                irq_add_tail_to_free_list
 .text.irq_init_priorities
                0x10004588       0x24 CMakeFiles/dds-sweeper.dir/home/atripathi/Desktop/9th_Semester_Project/RPI_PICO/pico-sdk/src/rp2_common/hardware_irq/irq.c.obj
                0x10004588                irq_init_priorities
 .text.user_irq_claim_unused
                0x100045ac       0x2c CMakeFiles/dds-sweeper.dir/home/atripathi/Desktop/9th_Semester_Project/RPI_PICO/pico-sdk/src/rp2_common/hardware_irq/irq.c.obj
                0x100045ac                user_irq_claim_unused
 .text.lock_init
                0x100045d8       0x10 CMakeFiles/dds-sweeper.dir/home/atripathi/Desktop/9th_Semester_Project/RPI_PICO/pico-sdk/src/common/pico_sync/lock_core.c.obj
                0x100045d8                lock_init
 .text.mutex_init
                0x100045e8       0x1c CMakeFiles/dds-sweeper.dir/home/atripathi/Desktop/9th_Semester_Project/RPI_PICO/pico-sdk/src/common/pico_sync/mutex.c.obj
                0x100045e8                mutex_init
 .text.recursive_mutex_init
                0x10004604       0x1c CMakeFiles/dds-sweeper.dir/home/atripathi/Desktop/9th_Semester_Project/RPI_PICO/pico-sdk/src/common/pico_sync/mutex.c.obj
                0x10004604                recursive_mutex_init
 .text.critical_section_init
                0x10004620       0x1c CMakeFiles/dds-sweeper.dir/home/atripathi/Desktop/9th_Semester_Project/RPI_PICO/pico-sdk/src/common/pico_sync/critical_section.c.obj
                0x10004620                critical_section_init
 .text.critical_section_init_with_lock_num
                0x1000463c       0x14 CMakeFiles/dds-sweeper.dir/home/atripathi/Desktop/9th_Semester_Project/RPI_PICO/pico-sdk/src/common/pico_sync/critical_section.c.obj
                0x1000463c                critical_section_init_with_lock_num
 .text.timer_pool_entry_comparator
                0x10004650       0x34 CMakeFiles/dds-sweeper.dir/home/atripathi/Desktop/9th_Semester_Project/RPI_PICO/pico-sdk/src/common/pico_time/time.c.obj
                0x10004650                timer_pool_entry_comparator
 .text.sleep_until_callback
                0x10004684       0x30 CMakeFiles/dds-sweeper.dir/home/atripathi/Desktop/9th_Semester_Project/RPI_PICO/pico-sdk/src/common/pico_time/time.c.obj
 .text.add_alarm_under_lock.isra.0
                0x100046b4       0xf8 CMakeFiles/dds-sweeper.dir/home/atripathi/Desktop/9th_Semester_Project/RPI_PICO/pico-sdk/src/common/pico_time/time.c.obj
 .text.alarm_pool_alarm_callback
                0x100047ac      0x1c0 CMakeFiles/dds-sweeper.dir/home/atripathi/Desktop/9th_Semester_Project/RPI_PICO/pico-sdk/src/common/pico_time/time.c.obj
 .text.alarm_pool_init_default
                0x1000496c       0x6c CMakeFiles/dds-sweeper.dir/home/atripathi/Desktop/9th_Semester_Project/RPI_PICO/pico-sdk/src/common/pico_time/time.c.obj
                0x1000496c                alarm_pool_init_default
 .text.alarm_pool_get_default
                0x100049d8        0x8 CMakeFiles/dds-sweeper.dir/home/atripathi/Desktop/9th_Semester_Project/RPI_PICO/pico-sdk/src/common/pico_time/time.c.obj
                0x100049d8                alarm_pool_get_default
 .text.alarm_pool_add_alarm_at
                0x100049e0      0x17c CMakeFiles/dds-sweeper.dir/home/atripathi/Desktop/9th_Semester_Project/RPI_PICO/pico-sdk/src/common/pico_time/time.c.obj
                0x100049e0                alarm_pool_add_alarm_at
 .text.alarm_pool_core_num
                0x10004b5c        0x4 CMakeFiles/dds-sweeper.dir/home/atripathi/Desktop/9th_Semester_Project/RPI_PICO/pico-sdk/src/common/pico_time/time.c.obj
                0x10004b5c                alarm_pool_core_num
 .text.sleep_until
                0x10004b60       0xc4 CMakeFiles/dds-sweeper.dir/home/atripathi/Desktop/9th_Semester_Project/RPI_PICO/pico-sdk/src/common/pico_time/time.c.obj
                0x10004b60                sleep_until
 .text.sleep_ms
                0x10004c24       0x38 CMakeFiles/dds-sweeper.dir/home/atripathi/Desktop/9th_Semester_Project/RPI_PICO/pico-sdk/src/common/pico_time/time.c.obj
                0x10004c24                sleep_ms
 .text.best_effort_wfe_or_timeout
                0x10004c5c       0xcc CMakeFiles/dds-sweeper.dir/home/atripathi/Desktop/9th_Semester_Project/RPI_PICO/pico-sdk/src/common/pico_time/time.c.obj
                0x10004c5c                best_effort_wfe_or_timeout
 .text.hardware_alarm_irq_handler
                0x10004d28       0xbc CMakeFiles/dds-sweeper.dir/home/atripathi/Desktop/9th_Semester_Project/RPI_PICO/pico-sdk/src/rp2_common/hardware_timer/timer.c.obj
 .text.hardware_alarm_claim
                0x10004de4       0x18 CMakeFiles/dds-sweeper.dir/home/atripathi/Desktop/9th_Semester_Project/RPI_PICO/pico-sdk/src/rp2_common/hardware_timer/timer.c.obj
                0x10004de4                hardware_alarm_claim
 .text.time_us_64
                0x10004dfc       0x14 CMakeFiles/dds-sweeper.dir/home/atripathi/Desktop/9th_Semester_Project/RPI_PICO/pico-sdk/src/rp2_common/hardware_timer/timer.c.obj
                0x10004dfc                time_us_64
 .text.busy_wait_us
                0x10004e10       0x68 CMakeFiles/dds-sweeper.dir/home/atripathi/Desktop/9th_Semester_Project/RPI_PICO/pico-sdk/src/rp2_common/hardware_timer/timer.c.obj
                0x10004e10                busy_wait_us
 .text.busy_wait_until
                0x10004e78       0x20 CMakeFiles/dds-sweeper.dir/home/atripathi/Desktop/9th_Semester_Project/RPI_PICO/pico-sdk/src/rp2_common/hardware_timer/timer.c.obj
                0x10004e78                busy_wait_until
 .text.hardware_alarm_set_callback
                0x10004e98       0x8c CMakeFiles/dds-sweeper.dir/home/atripathi/Desktop/9th_Semester_Project/RPI_PICO/pico-sdk/src/rp2_common/hardware_timer/timer.c.obj
                0x10004e98                hardware_alarm_set_callback
 .text.hardware_alarm_set_target
                0x10004f24       0xd0 CMakeFiles/dds-sweeper.dir/home/atripathi/Desktop/9th_Semester_Project/RPI_PICO/pico-sdk/src/rp2_common/hardware_timer/timer.c.obj
                0x10004f24                hardware_alarm_set_target
 .text.hardware_alarm_cancel
                0x10004ff4       0x3c CMakeFiles/dds-sweeper.dir/home/atripathi/Desktop/9th_Semester_Project/RPI_PICO/pico-sdk/src/rp2_common/hardware_timer/timer.c.obj
                0x10004ff4                hardware_alarm_cancel
 .text.ph_merge_nodes
                0x10005030       0x58 CMakeFiles/dds-sweeper.dir/home/atripathi/Desktop/9th_Semester_Project/RPI_PICO/pico-sdk/src/common/pico_util/pheap.c.obj
 .text.ph_post_alloc_init
                0x10005088       0x3c CMakeFiles/dds-sweeper.dir/home/atripathi/Desktop/9th_Semester_Project/RPI_PICO/pico-sdk/src/common/pico_util/pheap.c.obj
                0x10005088                ph_post_alloc_init
 .text.ph_merge_two_pass
                0x100050c4       0x8c CMakeFiles/dds-sweeper.dir/home/atripathi/Desktop/9th_Semester_Project/RPI_PICO/pico-sdk/src/common/pico_util/pheap.c.obj
                0x100050c4                ph_merge_two_pass
 .text.ph_remove_any_head
                0x10005150      0x100 CMakeFiles/dds-sweeper.dir/home/atripathi/Desktop/9th_Semester_Project/RPI_PICO/pico-sdk/src/common/pico_util/pheap.c.obj
 .text.ph_remove_head
                0x10005250      0x104 CMakeFiles/dds-sweeper.dir/home/atripathi/Desktop/9th_Semester_Project/RPI_PICO/pico-sdk/src/common/pico_util/pheap.c.obj
                0x10005250                ph_remove_head
 .text.ph_remove_and_free_node
                0x10005354       0x78 CMakeFiles/dds-sweeper.dir/home/atripathi/Desktop/9th_Semester_Project/RPI_PICO/pico-sdk/src/common/pico_util/pheap.c.obj
                0x10005354                ph_remove_and_free_node
 .text.clock_configure
                0x100053cc      0x110 CMakeFiles/dds-sweeper.dir/home/atripathi/Desktop/9th_Semester_Project/RPI_PICO/pico-sdk/src/rp2_common/hardware_clocks/clocks.c.obj
                0x100053cc                clock_configure
 .text.clocks_init
                0x100054dc      0x2c8 CMakeFiles/dds-sweeper.dir/home/atripathi/Desktop/9th_Semester_Project/RPI_PICO/pico-sdk/src/rp2_common/hardware_clocks/clocks.c.obj
                0x100054dc                clocks_init
 .text.clock_get_hz
                0x100057a4        0xc CMakeFiles/dds-sweeper.dir/home/atripathi/Desktop/9th_Semester_Project/RPI_PICO/pico-sdk/src/rp2_common/hardware_clocks/clocks.c.obj
                0x100057a4                clock_get_hz
 .text.frequency_count_khz
                0x100057b0       0x48 CMakeFiles/dds-sweeper.dir/home/atripathi/Desktop/9th_Semester_Project/RPI_PICO/pico-sdk/src/rp2_common/hardware_clocks/clocks.c.obj
                0x100057b0                frequency_count_khz
 .text.clock_gpio_init_int_frac
                0x100057f8       0x54 CMakeFiles/dds-sweeper.dir/home/atripathi/Desktop/9th_Semester_Project/RPI_PICO/pico-sdk/src/rp2_common/hardware_clocks/clocks.c.obj
                0x100057f8                clock_gpio_init_int_frac
 .text.pll_init
                0x1000584c       0xa0 CMakeFiles/dds-sweeper.dir/home/atripathi/Desktop/9th_Semester_Project/RPI_PICO/pico-sdk/src/rp2_common/hardware_pll/pll.c.obj
                0x1000584c                pll_init
 .text.watchdog_start_tick
                0x100058ec       0x10 CMakeFiles/dds-sweeper.dir/home/atripathi/Desktop/9th_Semester_Project/RPI_PICO/pico-sdk/src/rp2_common/hardware_watchdog/watchdog.c.obj
                0x100058ec                watchdog_start_tick
 .text.watchdog_reboot
                0x100058fc       0x9c CMakeFiles/dds-sweeper.dir/home/atripathi/Desktop/9th_Semester_Project/RPI_PICO/pico-sdk/src/rp2_common/hardware_watchdog/watchdog.c.obj
                0x100058fc                watchdog_reboot
 .text.xosc_init
                0x10005998       0x28 CMakeFiles/dds-sweeper.dir/home/atripathi/Desktop/9th_Semester_Project/RPI_PICO/pico-sdk/src/rp2_common/hardware_xosc/xosc.c.obj
                0x10005998                xosc_init
 .text.runtime_init
                0x100059c0       0xec CMakeFiles/dds-sweeper.dir/home/atripathi/Desktop/9th_Semester_Project/RPI_PICO/pico-sdk/src/rp2_common/pico_runtime/runtime.c.obj
                0x100059c0                runtime_init
 .text._exit    0x10005aac        0x4 CMakeFiles/dds-sweeper.dir/home/atripathi/Desktop/9th_Semester_Project/RPI_PICO/pico-sdk/src/rp2_common/pico_runtime/runtime.c.obj
                0x10005aac                _exit
 .text.exit     0x10005ab0        0x8 CMakeFiles/dds-sweeper.dir/home/atripathi/Desktop/9th_Semester_Project/RPI_PICO/pico-sdk/src/rp2_common/pico_runtime/runtime.c.obj
                0x10005ab0                exit
 .text.panic    0x10005ab8       0x30 CMakeFiles/dds-sweeper.dir/home/atripathi/Desktop/9th_Semester_Project/RPI_PICO/pico-sdk/src/rp2_common/pico_runtime/runtime.c.obj
                0x10005ab8                panic
 .text.hard_assertion_failure
                0x10005ae8        0xc CMakeFiles/dds-sweeper.dir/home/atripathi/Desktop/9th_Semester_Project/RPI_PICO/pico-sdk/src/rp2_common/pico_runtime/runtime.c.obj
                0x10005ae8                hard_assertion_failure
 .text._out_null
                0x10005af4        0x4 CMakeFiles/dds-sweeper.dir/home/atripathi/Desktop/9th_Semester_Project/RPI_PICO/pico-sdk/src/rp2_common/pico_printf/printf.c.obj
 .text._out_rev
                0x10005af8       0x90 CMakeFiles/dds-sweeper.dir/home/atripathi/Desktop/9th_Semester_Project/RPI_PICO/pico-sdk/src/rp2_common/pico_printf/printf.c.obj
 .text._ntoa_format
                0x10005b88      0x208 CMakeFiles/dds-sweeper.dir/home/atripathi/Desktop/9th_Semester_Project/RPI_PICO/pico-sdk/src/rp2_common/pico_printf/printf.c.obj
 .text._out_char
                0x10005d90       0x10 CMakeFiles/dds-sweeper.dir/home/atripathi/Desktop/9th_Semester_Project/RPI_PICO/pico-sdk/src/rp2_common/pico_printf/printf.c.obj
 .text._out_fct
                0x10005da0       0x10 CMakeFiles/dds-sweeper.dir/home/atripathi/Desktop/9th_Semester_Project/RPI_PICO/pico-sdk/src/rp2_common/pico_printf/printf.c.obj
 .text._etoa    0x10005db0      0x464 CMakeFiles/dds-sweeper.dir/home/atripathi/Desktop/9th_Semester_Project/RPI_PICO/pico-sdk/src/rp2_common/pico_printf/printf.c.obj
 .text._ftoa    0x10006214      0x3c4 CMakeFiles/dds-sweeper.dir/home/atripathi/Desktop/9th_Semester_Project/RPI_PICO/pico-sdk/src/rp2_common/pico_printf/printf.c.obj
 .text._vsnprintf
                0x100065d8      0xc18 CMakeFiles/dds-sweeper.dir/home/atripathi/Desktop/9th_Semester_Project/RPI_PICO/pico-sdk/src/rp2_common/pico_printf/printf.c.obj
 .text.vfctprintf
                0x100071f0       0x20 CMakeFiles/dds-sweeper.dir/home/atripathi/Desktop/9th_Semester_Project/RPI_PICO/pico-sdk/src/rp2_common/pico_printf/printf.c.obj
                0x100071f0                vfctprintf
 .text.weak_raw_vprintf
                0x10007210       0x30 CMakeFiles/dds-sweeper.dir/home/atripathi/Desktop/9th_Semester_Project/RPI_PICO/pico-sdk/src/rp2_common/pico_printf/printf.c.obj
                0x10007210                weak_raw_vprintf
 .text          0x10007240       0x10 CMakeFiles/dds-sweeper.dir/home/atripathi/Desktop/9th_Semester_Project/RPI_PICO/pico-sdk/src/rp2_common/pico_bit_ops/bit_ops_aeabi.S.obj
 .text.ctzsi    0x10007250        0xc CMakeFiles/dds-sweeper.dir/home/atripathi/Desktop/9th_Semester_Project/RPI_PICO/pico-sdk/src/rp2_common/pico_bit_ops/bit_ops_aeabi.S.obj
                0x10007250                __wrap___ctzsi2
 .text.rom_func_lookup
                0x1000725c       0x10 CMakeFiles/dds-sweeper.dir/home/atripathi/Desktop/9th_Semester_Project/RPI_PICO/pico-sdk/src/rp2_common/pico_bootrom/bootrom.c.obj
                0x1000725c                rom_func_lookup
 .text.rom_data_lookup
                0x1000726c       0x10 CMakeFiles/dds-sweeper.dir/home/atripathi/Desktop/9th_Semester_Project/RPI_PICO/pico-sdk/src/rp2_common/pico_bootrom/bootrom.c.obj
                0x1000726c                rom_data_lookup
 .text.rom_funcs_lookup
                0x1000727c       0x44 CMakeFiles/dds-sweeper.dir/home/atripathi/Desktop/9th_Semester_Project/RPI_PICO/pico-sdk/src/rp2_common/pico_bootrom/bootrom.c.obj
                0x1000727c                rom_funcs_lookup
 .text.__wrap___aeabi_idiv
                0x100072c0       0x50 CMakeFiles/dds-sweeper.dir/home/atripathi/Desktop/9th_Semester_Project/RPI_PICO/pico-sdk/src/rp2_common/pico_divider/divider.S.obj
                0x100072c0                __wrap___aeabi_idivmod
                0x100072c0                divmod_s32s32
                0x100072c0                div_s32s32
                0x100072c0                __wrap___aeabi_idiv
                0x100072c8                divmod_s32s32_unsafe
                0x100072f4                divmod_s32s32_savestate
 .text.__wrap___aeabi_uidiv
                0x10007310       0x4c CMakeFiles/dds-sweeper.dir/home/atripathi/Desktop/9th_Semester_Project/RPI_PICO/pico-sdk/src/rp2_common/pico_divider/divider.S.obj
                0x10007310                __wrap___aeabi_uidiv
                0x10007310                __wrap___aeabi_uidivmod
                0x10007310                div_u32u32
                0x10007310                divmod_u32u32
                0x10007318                divmod_u32u32_unsafe
                0x10007340                divmod_u32u32_savestate
 .text.__wrap___aeabi_ldiv
                0x1000735c      0x424 CMakeFiles/dds-sweeper.dir/home/atripathi/Desktop/9th_Semester_Project/RPI_PICO/pico-sdk/src/rp2_common/pico_divider/divider.S.obj
                0x1000735c                div_s64s64
                0x1000735c                divmod_s64s64
                0x1000735c                __wrap___aeabi_ldivmod
                0x1000738c                div_u64u64
                0x1000738c                divmod_u64u64
                0x1000738c                __wrap___aeabi_uldivmod
                0x1000739c                divmod_u64u64_savestate
                0x100073bc                divmod_s64s64_unsafe
                0x10007444                divmod_u64u64_unsafe
 .text.__wrap___aeabi_darithmetic
                0x10007780       0x80 CMakeFiles/dds-sweeper.dir/home/atripathi/Desktop/9th_Semester_Project/RPI_PICO/pico-sdk/src/rp2_common/pico_double/double_aeabi.S.obj
                0x10007780                __wrap___aeabi_drsub
                0x10007786                __wrap___aeabi_dsub
                0x10007798                __wrap___aeabi_dadd
                0x100077aa                __wrap___aeabi_ddiv
                0x100077e6                __wrap___aeabi_dmul
 .text.__wrap___aeabi_cdcmple
                0x10007800       0x6c CMakeFiles/dds-sweeper.dir/home/atripathi/Desktop/9th_Semester_Project/RPI_PICO/pico-sdk/src/rp2_common/pico_double/double_aeabi.S.obj
                0x10007800                __wrap___aeabi_cdrcmple
                0x10007810                __wrap___aeabi_cdcmple
                0x10007810                __wrap___aeabi_cdcmpeq
 .text.__wrap___aeabi_dcmplt
                0x1000786c        0xc CMakeFiles/dds-sweeper.dir/home/atripathi/Desktop/9th_Semester_Project/RPI_PICO/pico-sdk/src/rp2_common/pico_double/double_aeabi.S.obj
                0x1000786c                __wrap___aeabi_dcmplt
 .text.__wrap___aeabi_dcmpge
                0x10007878       0x10 CMakeFiles/dds-sweeper.dir/home/atripathi/Desktop/9th_Semester_Project/RPI_PICO/pico-sdk/src/rp2_common/pico_double/double_aeabi.S.obj
                0x10007878                __wrap___aeabi_dcmpge
 .text.__wrap___aeabi_dcmpgt
                0x10007888        0xa CMakeFiles/dds-sweeper.dir/home/atripathi/Desktop/9th_Semester_Project/RPI_PICO/pico-sdk/src/rp2_common/pico_double/double_aeabi.S.obj
                0x10007888                __wrap___aeabi_dcmpgt
 .text.__wrap___aeabi_dcmpun
                0x10007892       0x1c CMakeFiles/dds-sweeper.dir/home/atripathi/Desktop/9th_Semester_Project/RPI_PICO/pico-sdk/src/rp2_common/pico_double/double_aeabi.S.obj
                0x10007892                __wrap___aeabi_dcmpun
 *fill*         0x100078ae        0x2 
 .text.__wrap___aeabi_i2d
                0x100078b0       0x38 CMakeFiles/dds-sweeper.dir/home/atripathi/Desktop/9th_Semester_Project/RPI_PICO/pico-sdk/src/rp2_common/pico_double/double_aeabi.S.obj
                0x100078b0                __wrap___aeabi_ui2d
                0x100078b8                __wrap___aeabi_i2d
 .text.__wrap___aeabi_d2iz
                0x100078e8       0x48 CMakeFiles/dds-sweeper.dir/home/atripathi/Desktop/9th_Semester_Project/RPI_PICO/pico-sdk/src/rp2_common/pico_double/double_aeabi.S.obj
                0x100078e8                __wrap___aeabi_d2iz
                0x100078e8                double2int_z
 .text.__wrap___aeabi_d2uiz
                0x10007930       0x18 CMakeFiles/dds-sweeper.dir/home/atripathi/Desktop/9th_Semester_Project/RPI_PICO/pico-sdk/src/rp2_common/pico_double/double_aeabi.S.obj
                0x10007930                double2uint
                0x10007930                __wrap___aeabi_d2uiz
 .text.__wrap___aeabi_ul2d
                0x10007948       0x18 CMakeFiles/dds-sweeper.dir/home/atripathi/Desktop/9th_Semester_Project/RPI_PICO/pico-sdk/src/rp2_common/pico_double/double_aeabi.S.obj
                0x10007948                __wrap___aeabi_ul2d
 .text.__wrap___aeabi_d2f
                0x10007960       0x18 CMakeFiles/dds-sweeper.dir/home/atripathi/Desktop/9th_Semester_Project/RPI_PICO/pico-sdk/src/rp2_common/pico_double/double_aeabi.S.obj
                0x10007960                __wrap___aeabi_d2f
 .text.__aeabi_double_init
                0x10007978       0x98 CMakeFiles/dds-sweeper.dir/home/atripathi/Desktop/9th_Semester_Project/RPI_PICO/pico-sdk/src/rp2_common/pico_double/double_init_rom.c.obj
                0x10007978                __aeabi_double_init
 .text.__wrap_round
                0x10007a10       0x9c CMakeFiles/dds-sweeper.dir/home/atripathi/Desktop/9th_Semester_Project/RPI_PICO/pico-sdk/src/rp2_common/pico_double/double_math.c.obj
                0x10007a10                __wrap_round
 .text.double_table_shim_on_use_helper
                0x10007aac       0x2c CMakeFiles/dds-sweeper.dir/home/atripathi/Desktop/9th_Semester_Project/RPI_PICO/pico-sdk/src/rp2_common/pico_double/double_v1_rom_shim.S.obj
                0x10007aac                double_table_shim_on_use_helper
 .text.__wrap___aeabi_dsub
                0x10007ad8       0x10 CMakeFiles/dds-sweeper.dir/home/atripathi/Desktop/9th_Semester_Project/RPI_PICO/pico-sdk/src/rp2_common/pico_double/double_v1_rom_shim.S.obj
                0x10007ad8                drsub_shim
                0x10007ade                dsub_shim
 .text.dadd_shim
                0x10007ae8      0x15c CMakeFiles/dds-sweeper.dir/home/atripathi/Desktop/9th_Semester_Project/RPI_PICO/pico-sdk/src/rp2_common/pico_double/double_v1_rom_shim.S.obj
                0x10007ae8                dadd_shim
 .text.dmul_shim
                0x10007c44      0x15c CMakeFiles/dds-sweeper.dir/home/atripathi/Desktop/9th_Semester_Project/RPI_PICO/pico-sdk/src/rp2_common/pico_double/double_v1_rom_shim.S.obj
                0x10007c44                dmul_shim
 .text.ddiv_shim
                0x10007da0      0x1b0 CMakeFiles/dds-sweeper.dir/home/atripathi/Desktop/9th_Semester_Project/RPI_PICO/pico-sdk/src/rp2_common/pico_double/double_v1_rom_shim.S.obj
                0x10007da0                ddiv_shim
 .text.double2uint_shim
                0x10007f50        0xe CMakeFiles/dds-sweeper.dir/home/atripathi/Desktop/9th_Semester_Project/RPI_PICO/pico-sdk/src/rp2_common/pico_double/double_v1_rom_shim.S.obj
                0x10007f50                double2uint_shim
                0x10007f52                double2ufix_shim
 *fill*         0x10007f5e        0x2 
 .text.double2uint64_shim
                0x10007f60       0x70 CMakeFiles/dds-sweeper.dir/home/atripathi/Desktop/9th_Semester_Project/RPI_PICO/pico-sdk/src/rp2_common/pico_double/double_v1_rom_shim.S.obj
                0x10007f60                double2uint64_shim
                0x10007f62                double2ufix64_shim
                0x10007f82                d2fix_a
 .text.double2float_shim
                0x10007fd0       0x5c CMakeFiles/dds-sweeper.dir/home/atripathi/Desktop/9th_Semester_Project/RPI_PICO/pico-sdk/src/rp2_common/pico_double/double_v1_rom_shim.S.obj
                0x10007fd0                double2float_shim
 .text.x2double_shims
                0x1000802c       0x90 CMakeFiles/dds-sweeper.dir/home/atripathi/Desktop/9th_Semester_Project/RPI_PICO/pico-sdk/src/rp2_common/pico_double/double_v1_rom_shim.S.obj
                0x1000802c                uint2double_shim
                0x1000802e                ufix2double_shim
                0x10008034                int2double_shim
                0x10008036                fix2double_shim
                0x1000803c                uint642double_shim
                0x1000803e                ufix642double_shim
                0x10008044                int642double_shim
                0x10008046                fix642double_shim
 .text.dunpacks
                0x100080bc       0x3c CMakeFiles/dds-sweeper.dir/home/atripathi/Desktop/9th_Semester_Project/RPI_PICO/pico-sdk/src/rp2_common/pico_double/double_v1_rom_shim.S.obj
                0x100080bc                dunpacks
 .text.__aeabi_lmul
                0x100080f8       0x32 CMakeFiles/dds-sweeper.dir/home/atripathi/Desktop/9th_Semester_Project/RPI_PICO/pico-sdk/src/rp2_common/pico_int64_ops/pico_int64_ops_aeabi.S.obj
                0x100080f8                __wrap___aeabi_lmul
 *fill*         0x1000812a        0x2 
 .text.__wrap___aeabi_farithmetic
                0x1000812c       0x48 CMakeFiles/dds-sweeper.dir/home/atripathi/Desktop/9th_Semester_Project/RPI_PICO/pico-sdk/src/rp2_common/pico_float/float_aeabi.S.obj
                0x1000812c                __wrap___aeabi_frsub
                0x10008132                __wrap___aeabi_fsub
                0x10008138                __wrap___aeabi_fadd
                0x1000813e                __wrap___aeabi_fdiv
                0x10008166                __wrap___aeabi_fmul
 .text.__wrap___aeabi_cfcmple
                0x10008174       0x50 CMakeFiles/dds-sweeper.dir/home/atripathi/Desktop/9th_Semester_Project/RPI_PICO/pico-sdk/src/rp2_common/pico_float/float_aeabi.S.obj
                0x10008174                __wrap___aeabi_cfrcmple
                0x10008180                __wrap___aeabi_cfcmpeq
                0x10008180                __wrap___aeabi_cfcmple
 .text.__wrap___aeabi_fcmpeq
                0x100081c4       0x10 CMakeFiles/dds-sweeper.dir/home/atripathi/Desktop/9th_Semester_Project/RPI_PICO/pico-sdk/src/rp2_common/pico_float/float_aeabi.S.obj
                0x100081c4                __wrap___aeabi_fcmpeq
 .text.__wrap___aeabi_fcmple
                0x100081d4       0x10 CMakeFiles/dds-sweeper.dir/home/atripathi/Desktop/9th_Semester_Project/RPI_PICO/pico-sdk/src/rp2_common/pico_float/float_aeabi.S.obj
                0x100081d4                __wrap___aeabi_fcmple
 .text.__wrap___aeabi_fcmpge
                0x100081e4       0x10 CMakeFiles/dds-sweeper.dir/home/atripathi/Desktop/9th_Semester_Project/RPI_PICO/pico-sdk/src/rp2_common/pico_float/float_aeabi.S.obj
                0x100081e4                __wrap___aeabi_fcmpge
 .text.__wrap___aeabi_f2d
                0x100081f4       0x14 CMakeFiles/dds-sweeper.dir/home/atripathi/Desktop/9th_Semester_Project/RPI_PICO/pico-sdk/src/rp2_common/pico_float/float_aeabi.S.obj
                0x100081f4                __wrap___aeabi_f2d
 .text.__aeabi_float_init
                0x10008208       0x64 CMakeFiles/dds-sweeper.dir/home/atripathi/Desktop/9th_Semester_Project/RPI_PICO/pico-sdk/src/rp2_common/pico_float/float_init_rom.c.obj
                0x10008208                __aeabi_float_init
 .text.float_table_shim_on_use_helper
                0x1000826c       0x2c CMakeFiles/dds-sweeper.dir/home/atripathi/Desktop/9th_Semester_Project/RPI_PICO/pico-sdk/src/rp2_common/pico_float/float_v1_rom_shim.S.obj
                0x1000826c                float_table_shim_on_use_helper
 .text.float2double_shim
                0x10008298       0x30 CMakeFiles/dds-sweeper.dir/home/atripathi/Desktop/9th_Semester_Project/RPI_PICO/pico-sdk/src/rp2_common/pico_float/float_v1_rom_shim.S.obj
                0x10008298                float2double_shim
 .text          0x100082c8       0x10 CMakeFiles/dds-sweeper.dir/home/atripathi/Desktop/9th_Semester_Project/RPI_PICO/pico-sdk/src/rp2_common/pico_mem_ops/mem_ops_aeabi.S.obj
                0x100082c8                __aeabi_mem_init
 .text.memset   0x100082d8        0xc CMakeFiles/dds-sweeper.dir/home/atripathi/Desktop/9th_Semester_Project/RPI_PICO/pico-sdk/src/rp2_common/pico_mem_ops/mem_ops_aeabi.S.obj
                0x100082d8                __wrap_memset
 .text.memcpy   0x100082e4        0xc CMakeFiles/dds-sweeper.dir/home/atripathi/Desktop/9th_Semester_Project/RPI_PICO/pico-sdk/src/rp2_common/pico_mem_ops/mem_ops_aeabi.S.obj
                0x100082e4                __wrap___aeabi_memcpy
                0x100082e4                __wrap_memcpy
 .text.stdio_out_chars_crlf
                0x100082f0       0x94 CMakeFiles/dds-sweeper.dir/home/atripathi/Desktop/9th_Semester_Project/RPI_PICO/pico-sdk/src/rp2_common/pico_stdio/stdio.c.obj
 .text.stdio_buffered_printer
                0x10008384       0x64 CMakeFiles/dds-sweeper.dir/home/atripathi/Desktop/9th_Semester_Project/RPI_PICO/pico-sdk/src/rp2_common/pico_stdio/stdio.c.obj
 .text.__wrap_putchar
                0x100083e8       0x98 CMakeFiles/dds-sweeper.dir/home/atripathi/Desktop/9th_Semester_Project/RPI_PICO/pico-sdk/src/rp2_common/pico_stdio/stdio.c.obj
                0x100083e8                __wrap_putchar
 .text.__wrap_puts
                0x10008480       0xe0 CMakeFiles/dds-sweeper.dir/home/atripathi/Desktop/9th_Semester_Project/RPI_PICO/pico-sdk/src/rp2_common/pico_stdio/stdio.c.obj
                0x10008480                __wrap_puts
 .text.stdio_set_driver_enabled
                0x10008560       0x30 CMakeFiles/dds-sweeper.dir/home/atripathi/Desktop/9th_Semester_Project/RPI_PICO/pico-sdk/src/rp2_common/pico_stdio/stdio.c.obj
                0x10008560                stdio_set_driver_enabled
 .text.__wrap_vprintf
                0x10008590       0xd4 CMakeFiles/dds-sweeper.dir/home/atripathi/Desktop/9th_Semester_Project/RPI_PICO/pico-sdk/src/rp2_common/pico_stdio/stdio.c.obj
                0x10008590                __wrap_vprintf
 .text.__wrap_printf
                0x10008664       0x18 CMakeFiles/dds-sweeper.dir/home/atripathi/Desktop/9th_Semester_Project/RPI_PICO/pico-sdk/src/rp2_common/pico_stdio/stdio.c.obj
                0x10008664                __wrap_printf
 .text.stdio_init_all
                0x1000867c        0x8 CMakeFiles/dds-sweeper.dir/home/atripathi/Desktop/9th_Semester_Project/RPI_PICO/pico-sdk/src/rp2_common/pico_stdio/stdio.c.obj
                0x1000867c                stdio_init_all
 .text.__wrap_getchar
                0x10008684       0x7c CMakeFiles/dds-sweeper.dir/home/atripathi/Desktop/9th_Semester_Project/RPI_PICO/pico-sdk/src/rp2_common/pico_stdio/stdio.c.obj
                0x10008684                __wrap_getchar
 .text.resetd_init
                0x10008700        0x4 CMakeFiles/dds-sweeper.dir/home/atripathi/Desktop/9th_Semester_Project/RPI_PICO/pico-sdk/src/rp2_common/pico_stdio_usb/reset_interface.c.obj
 .text.resetd_reset
                0x10008704        0xc CMakeFiles/dds-sweeper.dir/home/atripathi/Desktop/9th_Semester_Project/RPI_PICO/pico-sdk/src/rp2_common/pico_stdio_usb/reset_interface.c.obj
 .text.resetd_open
                0x10008710       0x28 CMakeFiles/dds-sweeper.dir/home/atripathi/Desktop/9th_Semester_Project/RPI_PICO/pico-sdk/src/rp2_common/pico_stdio_usb/reset_interface.c.obj
 .text.resetd_xfer_cb
                0x10008738        0x4 CMakeFiles/dds-sweeper.dir/home/atripathi/Desktop/9th_Semester_Project/RPI_PICO/pico-sdk/src/rp2_common/pico_stdio_usb/reset_interface.c.obj
 .text.resetd_control_xfer_cb
                0x1000873c       0x60 CMakeFiles/dds-sweeper.dir/home/atripathi/Desktop/9th_Semester_Project/RPI_PICO/pico-sdk/src/rp2_common/pico_stdio_usb/reset_interface.c.obj
 .text.usbd_app_driver_get_cb
                0x1000879c        0xc CMakeFiles/dds-sweeper.dir/home/atripathi/Desktop/9th_Semester_Project/RPI_PICO/pico-sdk/src/rp2_common/pico_stdio_usb/reset_interface.c.obj
                0x1000879c                usbd_app_driver_get_cb
 .text.tud_cdc_line_coding_cb
                0x100087a8       0x34 CMakeFiles/dds-sweeper.dir/home/atripathi/Desktop/9th_Semester_Project/RPI_PICO/pico-sdk/src/rp2_common/pico_stdio_usb/reset_interface.c.obj
                0x100087a8                tud_cdc_line_coding_cb
 .text.stdio_usb_set_chars_available_callback
                0x100087dc       0x14 CMakeFiles/dds-sweeper.dir/home/atripathi/Desktop/9th_Semester_Project/RPI_PICO/pico-sdk/src/rp2_common/pico_stdio_usb/stdio_usb.c.obj
                0x100087dc                stdio_usb_set_chars_available_callback
 .text.usb_irq  0x100087f0       0x10 CMakeFiles/dds-sweeper.dir/home/atripathi/Desktop/9th_Semester_Project/RPI_PICO/pico-sdk/src/rp2_common/pico_stdio_usb/stdio_usb.c.obj
 .text.timer_task
                0x10008800       0x54 CMakeFiles/dds-sweeper.dir/home/atripathi/Desktop/9th_Semester_Project/RPI_PICO/pico-sdk/src/rp2_common/pico_stdio_usb/stdio_usb.c.obj
 .text.stdio_usb_in_chars
                0x10008854       0x90 CMakeFiles/dds-sweeper.dir/home/atripathi/Desktop/9th_Semester_Project/RPI_PICO/pico-sdk/src/rp2_common/pico_stdio_usb/stdio_usb.c.obj
                0x10008854                stdio_usb_in_chars
 .text.stdio_usb_out_chars
                0x100088e4      0x104 CMakeFiles/dds-sweeper.dir/home/atripathi/Desktop/9th_Semester_Project/RPI_PICO/pico-sdk/src/rp2_common/pico_stdio_usb/stdio_usb.c.obj
 .text.low_priority_worker_irq
                0x100089e8       0xa8 CMakeFiles/dds-sweeper.dir/home/atripathi/Desktop/9th_Semester_Project/RPI_PICO/pico-sdk/src/rp2_common/pico_stdio_usb/stdio_usb.c.obj
 .text.tud_cdc_rx_cb
                0x10008a90       0x20 CMakeFiles/dds-sweeper.dir/home/atripathi/Desktop/9th_Semester_Project/RPI_PICO/pico-sdk/src/rp2_common/pico_stdio_usb/stdio_usb.c.obj
                0x10008a90                tud_cdc_rx_cb
 .text.stdio_usb_init
                0x10008ab0       0xe0 CMakeFiles/dds-sweeper.dir/home/atripathi/Desktop/9th_Semester_Project/RPI_PICO/pico-sdk/src/rp2_common/pico_stdio_usb/stdio_usb.c.obj
                0x10008ab0                stdio_usb_init
 .text.tud_descriptor_device_cb
                0x10008b90        0x8 CMakeFiles/dds-sweeper.dir/home/atripathi/Desktop/9th_Semester_Project/RPI_PICO/pico-sdk/src/rp2_common/pico_stdio_usb/stdio_usb_descriptors.c.obj
                0x10008b90                tud_descriptor_device_cb
 .text.tud_descriptor_configuration_cb
                0x10008b98        0x8 CMakeFiles/dds-sweeper.dir/home/atripathi/Desktop/9th_Semester_Project/RPI_PICO/pico-sdk/src/rp2_common/pico_stdio_usb/stdio_usb_descriptors.c.obj
                0x10008b98                tud_descriptor_configuration_cb
 .text.tud_descriptor_string_cb
                0x10008ba0       0x78 CMakeFiles/dds-sweeper.dir/home/atripathi/Desktop/9th_Semester_Project/RPI_PICO/pico-sdk/src/rp2_common/pico_stdio_usb/stdio_usb_descriptors.c.obj
                0x10008ba0                tud_descriptor_string_cb
 .text.startup._retrieve_unique_id_on_boot
                0x10008c18       0x10 CMakeFiles/dds-sweeper.dir/home/atripathi/Desktop/9th_Semester_Project/RPI_PICO/pico-sdk/src/rp2_common/pico_unique_id/unique_id.c.obj
 .text.pico_get_unique_board_id_string
                0x10008c28      0x1a8 CMakeFiles/dds-sweeper.dir/home/atripathi/Desktop/9th_Semester_Project/RPI_PICO/pico-sdk/src/rp2_common/pico_unique_id/unique_id.c.obj
                0x10008c28                pico_get_unique_board_id_string
 .text.flash_get_unique_id
                0x10008dd0       0x40 CMakeFiles/dds-sweeper.dir/home/atripathi/Desktop/9th_Semester_Project/RPI_PICO/pico-sdk/src/rp2_common/hardware_flash/flash.c.obj
                0x10008dd0                flash_get_unique_id
 .text.dcd_int_enable
                0x10008e10        0xc CMakeFiles/dds-sweeper.dir/home/atripathi/Desktop/9th_Semester_Project/RPI_PICO/pico-sdk/lib/tinyusb/src/portable/raspberrypi/rp2040/dcd_rp2040.c.obj
                0x10008e10                dcd_int_enable
 .text.dcd_set_address
                0x10008e1c       0x14 CMakeFiles/dds-sweeper.dir/home/atripathi/Desktop/9th_Semester_Project/RPI_PICO/pico-sdk/lib/tinyusb/src/portable/raspberrypi/rp2040/dcd_rp2040.c.obj
                0x10008e1c                dcd_set_address
 .text.dcd_connect
                0x10008e30       0x10 CMakeFiles/dds-sweeper.dir/home/atripathi/Desktop/9th_Semester_Project/RPI_PICO/pico-sdk/lib/tinyusb/src/portable/raspberrypi/rp2040/dcd_rp2040.c.obj
                0x10008e30                dcd_connect
 .text.dcd_init
                0x10008e40       0x98 CMakeFiles/dds-sweeper.dir/home/atripathi/Desktop/9th_Semester_Project/RPI_PICO/pico-sdk/lib/tinyusb/src/portable/raspberrypi/rp2040/dcd_rp2040.c.obj
                0x10008e40                dcd_init
 .text.dcd_edpt0_status_complete
                0x10008ed8       0x1c CMakeFiles/dds-sweeper.dir/home/atripathi/Desktop/9th_Semester_Project/RPI_PICO/pico-sdk/lib/tinyusb/src/portable/raspberrypi/rp2040/dcd_rp2040.c.obj
                0x10008ed8                dcd_edpt0_status_complete
 .text.dcd_edpt_open
                0x10008ef4      0x108 CMakeFiles/dds-sweeper.dir/home/atripathi/Desktop/9th_Semester_Project/RPI_PICO/pico-sdk/lib/tinyusb/src/portable/raspberrypi/rp2040/dcd_rp2040.c.obj
                0x10008ef4                dcd_edpt_open
 .text.dcd_edpt_close_all
                0x10008ffc        0x8 CMakeFiles/dds-sweeper.dir/home/atripathi/Desktop/9th_Semester_Project/RPI_PICO/pico-sdk/lib/tinyusb/src/portable/raspberrypi/rp2040/dcd_rp2040.c.obj
                0x10008ffc                dcd_edpt_close_all
 .text.dcd_edpt_xfer
                0x10009004       0x24 CMakeFiles/dds-sweeper.dir/home/atripathi/Desktop/9th_Semester_Project/RPI_PICO/pico-sdk/lib/tinyusb/src/portable/raspberrypi/rp2040/dcd_rp2040.c.obj
                0x10009004                dcd_edpt_xfer
 .text.dcd_edpt_stall
                0x10009028       0x34 CMakeFiles/dds-sweeper.dir/home/atripathi/Desktop/9th_Semester_Project/RPI_PICO/pico-sdk/lib/tinyusb/src/portable/raspberrypi/rp2040/dcd_rp2040.c.obj
                0x10009028                dcd_edpt_stall
 .text.dcd_edpt_clear_stall
                0x1000905c       0x30 CMakeFiles/dds-sweeper.dir/home/atripathi/Desktop/9th_Semester_Project/RPI_PICO/pico-sdk/lib/tinyusb/src/portable/raspberrypi/rp2040/dcd_rp2040.c.obj
                0x1000905c                dcd_edpt_clear_stall
 .text.rp2040_usb_init
                0x1000908c       0x4c CMakeFiles/dds-sweeper.dir/home/atripathi/Desktop/9th_Semester_Project/RPI_PICO/pico-sdk/lib/tinyusb/src/portable/raspberrypi/rp2040/rp2040_usb.c.obj
                0x1000908c                rp2040_usb_init
 .text.hw_endpoint_xfer_start
                0x100090d8       0x40 CMakeFiles/dds-sweeper.dir/home/atripathi/Desktop/9th_Semester_Project/RPI_PICO/pico-sdk/lib/tinyusb/src/portable/raspberrypi/rp2040/rp2040_usb.c.obj
                0x100090d8                hw_endpoint_xfer_start
 .text.tud_mounted
                0x10009118       0x10 CMakeFiles/dds-sweeper.dir/home/atripathi/Desktop/9th_Semester_Project/RPI_PICO/pico-sdk/lib/tinyusb/src/device/usbd.c.obj
                0x10009118                tud_mounted
 .text.tud_suspended
                0x10009128       0x10 CMakeFiles/dds-sweeper.dir/home/atripathi/Desktop/9th_Semester_Project/RPI_PICO/pico-sdk/lib/tinyusb/src/device/usbd.c.obj
                0x10009128                tud_suspended
 .text.tud_inited
                0x10009138       0x14 CMakeFiles/dds-sweeper.dir/home/atripathi/Desktop/9th_Semester_Project/RPI_PICO/pico-sdk/lib/tinyusb/src/device/usbd.c.obj
                0x10009138                tud_inited
 .text.tud_init
                0x1000914c       0xd8 CMakeFiles/dds-sweeper.dir/home/atripathi/Desktop/9th_Semester_Project/RPI_PICO/pico-sdk/lib/tinyusb/src/device/usbd.c.obj
                0x1000914c                tud_init
 .text.tud_task_ext
                0x10009224      0x8a4 CMakeFiles/dds-sweeper.dir/home/atripathi/Desktop/9th_Semester_Project/RPI_PICO/pico-sdk/lib/tinyusb/src/device/usbd.c.obj
                0x10009224                tud_task_ext
 .text.usbd_open_edpt_pair
                0x10009ac8       0x9c CMakeFiles/dds-sweeper.dir/home/atripathi/Desktop/9th_Semester_Project/RPI_PICO/pico-sdk/lib/tinyusb/src/device/usbd.c.obj
                0x10009ac8                usbd_open_edpt_pair
 .text.usbd_defer_func
                0x10009b64       0x48 CMakeFiles/dds-sweeper.dir/home/atripathi/Desktop/9th_Semester_Project/RPI_PICO/pico-sdk/lib/tinyusb/src/device/usbd.c.obj
                0x10009b64                usbd_defer_func
 .text.usbd_edpt_open
                0x10009bac       0x34 CMakeFiles/dds-sweeper.dir/home/atripathi/Desktop/9th_Semester_Project/RPI_PICO/pico-sdk/lib/tinyusb/src/device/usbd.c.obj
                0x10009bac                usbd_edpt_open
 .text.usbd_edpt_claim
                0x10009be0       0x28 CMakeFiles/dds-sweeper.dir/home/atripathi/Desktop/9th_Semester_Project/RPI_PICO/pico-sdk/lib/tinyusb/src/device/usbd.c.obj
                0x10009be0                usbd_edpt_claim
 .text.usbd_edpt_release
                0x10009c08       0x28 CMakeFiles/dds-sweeper.dir/home/atripathi/Desktop/9th_Semester_Project/RPI_PICO/pico-sdk/lib/tinyusb/src/device/usbd.c.obj
                0x10009c08                usbd_edpt_release
 .text.usbd_edpt_xfer
                0x10009c30       0x4c CMakeFiles/dds-sweeper.dir/home/atripathi/Desktop/9th_Semester_Project/RPI_PICO/pico-sdk/lib/tinyusb/src/device/usbd.c.obj
                0x10009c30                usbd_edpt_xfer
 .text.tud_control_status
                0x10009c7c       0x2c CMakeFiles/dds-sweeper.dir/home/atripathi/Desktop/9th_Semester_Project/RPI_PICO/pico-sdk/lib/tinyusb/src/device/usbd_control.c.obj
                0x10009c7c                tud_control_status
 .text.tud_control_xfer
                0x10009ca8       0xac CMakeFiles/dds-sweeper.dir/home/atripathi/Desktop/9th_Semester_Project/RPI_PICO/pico-sdk/lib/tinyusb/src/device/usbd_control.c.obj
                0x10009ca8                tud_control_xfer
 .text.usbd_control_reset
                0x10009d54       0x14 CMakeFiles/dds-sweeper.dir/home/atripathi/Desktop/9th_Semester_Project/RPI_PICO/pico-sdk/lib/tinyusb/src/device/usbd_control.c.obj
                0x10009d54                usbd_control_reset
 .text.usbd_control_set_complete_callback
                0x10009d68        0xc CMakeFiles/dds-sweeper.dir/home/atripathi/Desktop/9th_Semester_Project/RPI_PICO/pico-sdk/lib/tinyusb/src/device/usbd_control.c.obj
                0x10009d68                usbd_control_set_complete_callback
 .text.usbd_control_set_request
                0x10009d74       0x1c CMakeFiles/dds-sweeper.dir/home/atripathi/Desktop/9th_Semester_Project/RPI_PICO/pico-sdk/lib/tinyusb/src/device/usbd_control.c.obj
                0x10009d74                usbd_control_set_request
 .text.usbd_control_xfer_cb
                0x10009d90       0xf4 CMakeFiles/dds-sweeper.dir/home/atripathi/Desktop/9th_Semester_Project/RPI_PICO/pico-sdk/lib/tinyusb/src/device/usbd_control.c.obj
                0x10009d90                usbd_control_xfer_cb
 .text.tud_cdc_n_connected
                0x10009e84       0x30 CMakeFiles/dds-sweeper.dir/home/atripathi/Desktop/9th_Semester_Project/RPI_PICO/pico-sdk/lib/tinyusb/src/class/cdc/cdc_device.c.obj
                0x10009e84                tud_cdc_n_connected
 .text.tud_cdc_n_available
                0x10009eb4       0x18 CMakeFiles/dds-sweeper.dir/home/atripathi/Desktop/9th_Semester_Project/RPI_PICO/pico-sdk/lib/tinyusb/src/class/cdc/cdc_device.c.obj
                0x10009eb4                tud_cdc_n_available
 .text.tud_cdc_n_read
                0x10009ecc       0x70 CMakeFiles/dds-sweeper.dir/home/atripathi/Desktop/9th_Semester_Project/RPI_PICO/pico-sdk/lib/tinyusb/src/class/cdc/cdc_device.c.obj
                0x10009ecc                tud_cdc_n_read
 .text.tud_cdc_n_write_flush
                0x10009f3c       0x78 CMakeFiles/dds-sweeper.dir/home/atripathi/Desktop/9th_Semester_Project/RPI_PICO/pico-sdk/lib/tinyusb/src/class/cdc/cdc_device.c.obj
                0x10009f3c                tud_cdc_n_write_flush
 .text.tud_cdc_n_write
                0x10009fb4       0x34 CMakeFiles/dds-sweeper.dir/home/atripathi/Desktop/9th_Semester_Project/RPI_PICO/pico-sdk/lib/tinyusb/src/class/cdc/cdc_device.c.obj
                0x10009fb4                tud_cdc_n_write
 .text.tud_cdc_n_write_available
                0x10009fe8       0x18 CMakeFiles/dds-sweeper.dir/home/atripathi/Desktop/9th_Semester_Project/RPI_PICO/pico-sdk/lib/tinyusb/src/class/cdc/cdc_device.c.obj
                0x10009fe8                tud_cdc_n_write_available
 .text.cdcd_init
                0x1000a000       0x7c CMakeFiles/dds-sweeper.dir/home/atripathi/Desktop/9th_Semester_Project/RPI_PICO/pico-sdk/lib/tinyusb/src/class/cdc/cdc_device.c.obj
                0x1000a000                cdcd_init
 .text.cdcd_reset
                0x1000a07c       0x2c CMakeFiles/dds-sweeper.dir/home/atripathi/Desktop/9th_Semester_Project/RPI_PICO/pico-sdk/lib/tinyusb/src/class/cdc/cdc_device.c.obj
                0x1000a07c                cdcd_reset
 .text.cdcd_open
                0x1000a0a8       0xe4 CMakeFiles/dds-sweeper.dir/home/atripathi/Desktop/9th_Semester_Project/RPI_PICO/pico-sdk/lib/tinyusb/src/class/cdc/cdc_device.c.obj
                0x1000a0a8                cdcd_open
 .text.cdcd_control_xfer_cb
                0x1000a18c       0xe4 CMakeFiles/dds-sweeper.dir/home/atripathi/Desktop/9th_Semester_Project/RPI_PICO/pico-sdk/lib/tinyusb/src/class/cdc/cdc_device.c.obj
                0x1000a18c                cdcd_control_xfer_cb
 .text.cdcd_xfer_cb
                0x1000a270      0x13c CMakeFiles/dds-sweeper.dir/home/atripathi/Desktop/9th_Semester_Project/RPI_PICO/pico-sdk/lib/tinyusb/src/class/cdc/cdc_device.c.obj
                0x1000a270                cdcd_xfer_cb
 .text.tusb_init
                0x1000a3ac        0xc CMakeFiles/dds-sweeper.dir/home/atripathi/Desktop/9th_Semester_Project/RPI_PICO/pico-sdk/lib/tinyusb/src/tusb.c.obj
                0x1000a3ac                tusb_init
 .text.tusb_inited
                0x1000a3b8        0x8 CMakeFiles/dds-sweeper.dir/home/atripathi/Desktop/9th_Semester_Project/RPI_PICO/pico-sdk/lib/tinyusb/src/tusb.c.obj
                0x1000a3b8                tusb_inited
 .text.tu_edpt_claim
                0x1000a3c0       0x50 CMakeFiles/dds-sweeper.dir/home/atripathi/Desktop/9th_Semester_Project/RPI_PICO/pico-sdk/lib/tinyusb/src/tusb.c.obj
                0x1000a3c0                tu_edpt_claim
 .text.tu_edpt_release
                0x1000a410       0x38 CMakeFiles/dds-sweeper.dir/home/atripathi/Desktop/9th_Semester_Project/RPI_PICO/pico-sdk/lib/tinyusb/src/tusb.c.obj
                0x1000a410                tu_edpt_release
 .text.tu_edpt_validate
                0x1000a448       0x7c CMakeFiles/dds-sweeper.dir/home/atripathi/Desktop/9th_Semester_Project/RPI_PICO/pico-sdk/lib/tinyusb/src/tusb.c.obj
                0x1000a448                tu_edpt_validate
 .text.tu_edpt_bind_driver
                0x1000a4c4       0x34 CMakeFiles/dds-sweeper.dir/home/atripathi/Desktop/9th_Semester_Project/RPI_PICO/pico-sdk/lib/tinyusb/src/tusb.c.obj
                0x1000a4c4                tu_edpt_bind_driver
 .text.tu_fifo_config
                0x1000a4f8       0x6c CMakeFiles/dds-sweeper.dir/home/atripathi/Desktop/9th_Semester_Project/RPI_PICO/pico-sdk/lib/tinyusb/src/common/tusb_fifo.c.obj
                0x1000a4f8                tu_fifo_config
 .text.tu_fifo_count
                0x1000a564       0x2c CMakeFiles/dds-sweeper.dir/home/atripathi/Desktop/9th_Semester_Project/RPI_PICO/pico-sdk/lib/tinyusb/src/common/tusb_fifo.c.obj
                0x1000a564                tu_fifo_count
 .text.tu_fifo_empty
                0x1000a590       0x10 CMakeFiles/dds-sweeper.dir/home/atripathi/Desktop/9th_Semester_Project/RPI_PICO/pico-sdk/lib/tinyusb/src/common/tusb_fifo.c.obj
                0x1000a590                tu_fifo_empty
 .text.tu_fifo_remaining
                0x1000a5a0       0x2c CMakeFiles/dds-sweeper.dir/home/atripathi/Desktop/9th_Semester_Project/RPI_PICO/pico-sdk/lib/tinyusb/src/common/tusb_fifo.c.obj
                0x1000a5a0                tu_fifo_remaining
 .text.tu_fifo_read
                0x1000a5cc       0x9c CMakeFiles/dds-sweeper.dir/home/atripathi/Desktop/9th_Semester_Project/RPI_PICO/pico-sdk/lib/tinyusb/src/common/tusb_fifo.c.obj
                0x1000a5cc                tu_fifo_read
 .text.tu_fifo_read_n
                0x1000a668       0xe8 CMakeFiles/dds-sweeper.dir/home/atripathi/Desktop/9th_Semester_Project/RPI_PICO/pico-sdk/lib/tinyusb/src/common/tusb_fifo.c.obj
                0x1000a668                tu_fifo_read_n
 .text.tu_fifo_write
                0x1000a750       0x88 CMakeFiles/dds-sweeper.dir/home/atripathi/Desktop/9th_Semester_Project/RPI_PICO/pico-sdk/lib/tinyusb/src/common/tusb_fifo.c.obj
                0x1000a750                tu_fifo_write
 .text.tu_fifo_write_n
                0x1000a7d8      0x178 CMakeFiles/dds-sweeper.dir/home/atripathi/Desktop/9th_Semester_Project/RPI_PICO/pico-sdk/lib/tinyusb/src/common/tusb_fifo.c.obj
                0x1000a7d8                tu_fifo_write_n
 .text.tu_fifo_clear
                0x1000a950       0x40 CMakeFiles/dds-sweeper.dir/home/atripathi/Desktop/9th_Semester_Project/RPI_PICO/pico-sdk/lib/tinyusb/src/common/tusb_fifo.c.obj
                0x1000a950                tu_fifo_clear
 .text.tu_fifo_set_overwritable
                0x1000a990       0x48 CMakeFiles/dds-sweeper.dir/home/atripathi/Desktop/9th_Semester_Project/RPI_PICO/pico-sdk/lib/tinyusb/src/common/tusb_fifo.c.obj
                0x1000a990                tu_fifo_set_overwritable
 .text.core1_trampoline
                0x1000a9d8        0x4 CMakeFiles/dds-sweeper.dir/home/atripathi/Desktop/9th_Semester_Project/RPI_PICO/pico-sdk/src/rp2_common/pico_multicore/multicore.c.obj
 .text.core1_wrapper
                0x1000a9dc        0xc CMakeFiles/dds-sweeper.dir/home/atripathi/Desktop/9th_Semester_Project/RPI_PICO/pico-sdk/src/rp2_common/pico_multicore/multicore.c.obj
                0x1000a9dc                core1_wrapper
 .text.multicore_fifo_push_blocking
                0x1000a9e8       0x14 CMakeFiles/dds-sweeper.dir/home/atripathi/Desktop/9th_Semester_Project/RPI_PICO/pico-sdk/src/rp2_common/pico_multicore/multicore.c.obj
                0x1000a9e8                multicore_fifo_push_blocking
 .text.multicore_fifo_pop_blocking
                0x1000a9fc       0x1c CMakeFiles/dds-sweeper.dir/home/atripathi/Desktop/9th_Semester_Project/RPI_PICO/pico-sdk/src/rp2_common/pico_multicore/multicore.c.obj
                0x1000a9fc                multicore_fifo_pop_blocking
 .text.multicore_launch_core1_raw
                0x1000aa18       0x84 CMakeFiles/dds-sweeper.dir/home/atripathi/Desktop/9th_Semester_Project/RPI_PICO/pico-sdk/src/rp2_common/pico_multicore/multicore.c.obj
                0x1000aa18                multicore_launch_core1_raw
 .text.multicore_launch_core1
                0x1000aa9c       0x58 CMakeFiles/dds-sweeper.dir/home/atripathi/Desktop/9th_Semester_Project/RPI_PICO/pico-sdk/src/rp2_common/pico_multicore/multicore.c.obj
                0x1000aa9c                multicore_launch_core1
 .text.spi_init
                0x1000aaf4      0x150 CMakeFiles/dds-sweeper.dir/home/atripathi/Desktop/9th_Semester_Project/RPI_PICO/pico-sdk/src/rp2_common/hardware_spi/spi.c.obj
                0x1000aaf4                spi_init
 .text.spi_set_baudrate
                0x1000ac44       0xcc CMakeFiles/dds-sweeper.dir/home/atripathi/Desktop/9th_Semester_Project/RPI_PICO/pico-sdk/src/rp2_common/hardware_spi/spi.c.obj
                0x1000ac44                spi_set_baudrate
 .text.pio_add_program
                0x1000ad10       0xf0 CMakeFiles/dds-sweeper.dir/home/atripathi/Desktop/9th_Semester_Project/RPI_PICO/pico-sdk/src/rp2_common/hardware_pio/pio.c.obj
                0x1000ad10                pio_add_program
 .text.pio_sm_set_pindirs_with_mask
                0x1000ae00       0xa8 CMakeFiles/dds-sweeper.dir/home/atripathi/Desktop/9th_Semester_Project/RPI_PICO/pico-sdk/src/rp2_common/hardware_pio/pio.c.obj
                0x1000ae00                pio_sm_set_pindirs_with_mask
 .text.pio_sm_init
                0x1000aea8       0x98 CMakeFiles/dds-sweeper.dir/home/atripathi/Desktop/9th_Semester_Project/RPI_PICO/pico-sdk/src/rp2_common/hardware_pio/pio.c.obj
                0x1000aea8                pio_sm_init
 .text.dma_claim_unused_channel
                0x1000af40       0x24 CMakeFiles/dds-sweeper.dir/home/atripathi/Desktop/9th_Semester_Project/RPI_PICO/pico-sdk/src/rp2_common/hardware_dma/dma.c.obj
                0x1000af40                dma_claim_unused_channel
 .text.atexit   0x1000af64       0x10 /usr/lib/gcc/arm-none-eabi/12.2.0/../../../../arm-none-eabi/lib/thumb/v6-m/nofp/libc.a(lib_a-atexit.o)
                0x1000af64                atexit
 .text.__libc_fini_array
                0x1000af74       0x28 /usr/lib/gcc/arm-none-eabi/12.2.0/../../../../arm-none-eabi/lib/thumb/v6-m/nofp/libc.a(lib_a-fini.o)
                0x1000af74                __libc_fini_array
 .text          0x1000af9c       0x88 /usr/lib/gcc/arm-none-eabi/12.2.0/../../../../arm-none-eabi/lib/thumb/v6-m/nofp/libc.a(lib_a-strcmp.o)
                0x1000af9c                strcmp
 .text.strlen   0x1000b024       0x5c /usr/lib/gcc/arm-none-eabi/12.2.0/../../../../arm-none-eabi/lib/thumb/v6-m/nofp/libc.a(lib_a-strlen-stub.o)
                0x1000b024                strlen
 .text.strncmp  0x1000b080       0x74 /usr/lib/gcc/arm-none-eabi/12.2.0/../../../../arm-none-eabi/lib/thumb/v6-m/nofp/libc.a(lib_a-strncmp.o)
                0x1000b080                strncmp
 .text.__register_exitproc
                0x1000b0f4       0xac /usr/lib/gcc/arm-none-eabi/12.2.0/../../../../arm-none-eabi/lib/thumb/v6-m/nofp/libc.a(lib_a-__atexit.o)
                0x1000b0f4                __register_exitproc
 .text.startup.register_fini
                0x1000b1a0       0x18 /usr/lib/gcc/arm-none-eabi/12.2.0/../../../../arm-none-eabi/lib/thumb/v6-m/nofp/libc.a(lib_a-__call_atexit.o)
 .text.__retarget_lock_acquire_recursive
                0x1000b1b8        0x4 /usr/lib/gcc/arm-none-eabi/12.2.0/../../../../arm-none-eabi/lib/thumb/v6-m/nofp/libc.a(lib_a-lock.o)
                0x1000b1b8                __retarget_lock_acquire_recursive
 .text.__retarget_lock_release_recursive
                0x1000b1bc        0x4 /usr/lib/gcc/arm-none-eabi/12.2.0/../../../../arm-none-eabi/lib/thumb/v6-m/nofp/libc.a(lib_a-lock.o)
                0x1000b1bc                __retarget_lock_release_recursive
 *(.fini)
 .fini          0x1000b1c0        0x4 /usr/lib/gcc/arm-none-eabi/12.2.0/thumb/v6-m/nofp/crti.o
                0x1000b1c0                _fini
 *fill*         0x1000b1c4        0x4 
 .fini.__stub   0x1000b1c8      0x110 linker stubs
 *crtbegin.o(.ctors)
 *crtbegin?.o(.ctors)
 *(EXCLUDE_FILE(*crtend.o *crtend?.o) .ctors)
 *(SORT_BY_NAME(.ctors.*))
 *(.ctors)
 *crtbegin.o(.dtors)
 *crtbegin?.o(.dtors)
 *(EXCLUDE_FILE(*crtend.o *crtend?.o) .dtors)
 *(SORT_BY_NAME(.dtors.*))
 *(.dtors)
 *(.eh_frame*)
 .eh_frame      0x1000b2d8        0x0 /usr/lib/gcc/arm-none-eabi/12.2.0/thumb/v6-m/nofp/crtbegin.o
                0x1000b2d8                        . = ALIGN (0x4)

.glue_7         0x1000b2d8        0x0
 .glue_7        0x1000b2d8        0x0 linker stubs

.glue_7t        0x1000b2d8        0x0
 .glue_7t       0x1000b2d8        0x0 linker stubs

.vfp11_veneer   0x1000b2d8        0x0
 .vfp11_veneer  0x1000b2d8        0x0 linker stubs

.v4_bx          0x1000b2d8        0x0
 .v4_bx         0x1000b2d8        0x0 linker stubs

.iplt           0x1000b2d8        0x0
 .iplt          0x1000b2d8        0x0 /usr/lib/gcc/arm-none-eabi/12.2.0/thumb/v6-m/nofp/crtbegin.o

.rodata         0x1000b2d8      0x990
 *(EXCLUDE_FILE(*libm.a: *libc.a:*lib_a-mem*.o *libgcc.a:) .rodata*)
 .rodata.cubicSplineInterpolation.str1.4
                0x1000b2d8       0x5e CMakeFiles/dds-sweeper.dir/dds-sweeper.c.obj
 *fill*         0x1000b336        0x2 
 .rodata.measure_freqs.str1.4
                0x1000b338       0x99 CMakeFiles/dds-sweeper.dir/dds-sweeper.c.obj
 *fill*         0x1000b3d1        0x3 
 .rodata.loop.str1.4
                0x1000b3d4      0x20d CMakeFiles/dds-sweeper.dir/dds-sweeper.c.obj
 *fill*         0x1000b5e1        0x3 
 .rodata.timer_program
                0x1000b5e4        0x6 CMakeFiles/dds-sweeper.dir/dds-sweeper.c.obj
 *fill*         0x1000b5ea        0x2 
 .rodata.timer_program_instructions
                0x1000b5ec        0xe CMakeFiles/dds-sweeper.dir/dds-sweeper.c.obj
 *fill*         0x1000b5fa        0x2 
 .rodata.trigger_program
                0x1000b5fc        0x6 CMakeFiles/dds-sweeper.dir/dds-sweeper.c.obj
 *fill*         0x1000b602        0x2 
 .rodata.trigger_program_instructions
                0x1000b604       0x10 CMakeFiles/dds-sweeper.dir/dds-sweeper.c.obj
 .rodata.read_all.str1.4
                0x1000b614      0x10f CMakeFiles/dds-sweeper.dir/ad9959.c.obj
 *fill*         0x1000b723        0x1 
 .rodata        0x1000b724       0x2b CMakeFiles/dds-sweeper.dir/ad9959.c.obj
 *fill*         0x1000b74f        0x1 
 .rodata.spin_lock_claim_unused.str1.4
                0x1000b750       0x1b CMakeFiles/dds-sweeper.dir/home/atripathi/Desktop/9th_Semester_Project/RPI_PICO/pico-sdk/src/rp2_common/hardware_sync/sync.c.obj
 *fill*         0x1000b76b        0x1 
 .rodata.user_irq_claim_unused.str1.4
                0x1000b76c       0x1b CMakeFiles/dds-sweeper.dir/home/atripathi/Desktop/9th_Semester_Project/RPI_PICO/pico-sdk/src/rp2_common/hardware_irq/irq.c.obj
 *fill*         0x1000b787        0x1 
 .rodata.at_the_end_of_time
                0x1000b788        0x8 CMakeFiles/dds-sweeper.dir/home/atripathi/Desktop/9th_Semester_Project/RPI_PICO/pico-sdk/src/common/pico_time/time.c.obj
                0x1000b788                at_the_end_of_time
 .rodata.hardware_alarm_claim.str1.4
                0x1000b790       0x22 CMakeFiles/dds-sweeper.dir/home/atripathi/Desktop/9th_Semester_Project/RPI_PICO/pico-sdk/src/rp2_common/hardware_timer/timer.c.obj
 *fill*         0x1000b7b2        0x2 
 .rodata.panic.str1.4
                0x1000b7b4       0x10 CMakeFiles/dds-sweeper.dir/home/atripathi/Desktop/9th_Semester_Project/RPI_PICO/pico-sdk/src/rp2_common/pico_runtime/runtime.c.obj
                                 0x12 (size before relaxing)
 .rodata.hard_assertion_failure.str1.4
                0x1000b7c4        0xc CMakeFiles/dds-sweeper.dir/home/atripathi/Desktop/9th_Semester_Project/RPI_PICO/pico-sdk/src/rp2_common/pico_runtime/runtime.c.obj
 .rodata._ftoa.str1.4
                0x1000b7d0       0x15 CMakeFiles/dds-sweeper.dir/home/atripathi/Desktop/9th_Semester_Project/RPI_PICO/pico-sdk/src/rp2_common/pico_printf/printf.c.obj
 *fill*         0x1000b7e5        0x3 
 .rodata._vsnprintf
                0x1000b7e8      0x19c CMakeFiles/dds-sweeper.dir/home/atripathi/Desktop/9th_Semester_Project/RPI_PICO/pico-sdk/src/rp2_common/pico_printf/printf.c.obj
 *fill*         0x1000b984        0x4 
 .rodata.pow10.0
                0x1000b988       0x50 CMakeFiles/dds-sweeper.dir/home/atripathi/Desktop/9th_Semester_Project/RPI_PICO/pico-sdk/src/rp2_common/pico_printf/printf.c.obj
 .rodata.str1.4
                0x1000b9d8       0x40 CMakeFiles/dds-sweeper.dir/home/atripathi/Desktop/9th_Semester_Project/RPI_PICO/pico-sdk/src/rp2_common/pico_standard_link/binary_info.c.obj
 .rodata.__bi_81
                0x1000ba18        0xc CMakeFiles/dds-sweeper.dir/home/atripathi/Desktop/9th_Semester_Project/RPI_PICO/pico-sdk/src/rp2_common/pico_standard_link/binary_info.c.obj
 .rodata.__bi_75
                0x1000ba24        0xc CMakeFiles/dds-sweeper.dir/home/atripathi/Desktop/9th_Semester_Project/RPI_PICO/pico-sdk/src/rp2_common/pico_standard_link/binary_info.c.obj
 .rodata.__bi_44
                0x1000ba30        0xc CMakeFiles/dds-sweeper.dir/home/atripathi/Desktop/9th_Semester_Project/RPI_PICO/pico-sdk/src/rp2_common/pico_standard_link/binary_info.c.obj
 .rodata.crlf_str.0
                0x1000ba3c        0x2 CMakeFiles/dds-sweeper.dir/home/atripathi/Desktop/9th_Semester_Project/RPI_PICO/pico-sdk/src/rp2_common/pico_stdio/stdio.c.obj
 *fill*         0x1000ba3e        0x2 
 .rodata._resetd_driver
                0x1000ba40       0x18 CMakeFiles/dds-sweeper.dir/home/atripathi/Desktop/9th_Semester_Project/RPI_PICO/pico-sdk/src/rp2_common/pico_stdio_usb/reset_interface.c.obj
 .rodata.str1.4
                0x1000ba58       0x13 CMakeFiles/dds-sweeper.dir/home/atripathi/Desktop/9th_Semester_Project/RPI_PICO/pico-sdk/src/rp2_common/pico_stdio_usb/stdio_usb.c.obj
 *fill*         0x1000ba6b        0x1 
 .rodata.__bi_182.0
                0x1000ba6c        0xc CMakeFiles/dds-sweeper.dir/home/atripathi/Desktop/9th_Semester_Project/RPI_PICO/pico-sdk/src/rp2_common/pico_stdio_usb/stdio_usb.c.obj
 .rodata.str1.4
                0x1000ba78       0x2a CMakeFiles/dds-sweeper.dir/home/atripathi/Desktop/9th_Semester_Project/RPI_PICO/pico-sdk/src/rp2_common/pico_stdio_usb/stdio_usb_descriptors.c.obj
 *fill*         0x1000baa2        0x2 
 .rodata.usbd_desc_str
                0x1000baa4       0x18 CMakeFiles/dds-sweeper.dir/home/atripathi/Desktop/9th_Semester_Project/RPI_PICO/pico-sdk/src/rp2_common/pico_stdio_usb/stdio_usb_descriptors.c.obj
 .rodata.usbd_desc_cfg
                0x1000babc       0x54 CMakeFiles/dds-sweeper.dir/home/atripathi/Desktop/9th_Semester_Project/RPI_PICO/pico-sdk/src/rp2_common/pico_stdio_usb/stdio_usb_descriptors.c.obj
 .rodata.usbd_desc_device
                0x1000bb10       0x12 CMakeFiles/dds-sweeper.dir/home/atripathi/Desktop/9th_Semester_Project/RPI_PICO/pico-sdk/src/rp2_common/pico_stdio_usb/stdio_usb_descriptors.c.obj
 *fill*         0x1000bb22        0x2 
 .rodata.str1.4
                0x1000bb24       0x14 CMakeFiles/dds-sweeper.dir/home/atripathi/Desktop/9th_Semester_Project/RPI_PICO/pico-sdk/lib/tinyusb/src/portable/raspberrypi/rp2040/dcd_rp2040.c.obj
 .rodata.str1.4
                0x1000bb38       0x53 CMakeFiles/dds-sweeper.dir/home/atripathi/Desktop/9th_Semester_Project/RPI_PICO/pico-sdk/lib/tinyusb/src/portable/raspberrypi/rp2040/rp2040_usb.c.obj
 *fill*         0x1000bb8b        0x1 
 .rodata.tud_task_ext
                0x1000bb8c       0x8c CMakeFiles/dds-sweeper.dir/home/atripathi/Desktop/9th_Semester_Project/RPI_PICO/pico-sdk/lib/tinyusb/src/device/usbd.c.obj
 .rodata._usbd_driver
                0x1000bc18       0x18 CMakeFiles/dds-sweeper.dir/home/atripathi/Desktop/9th_Semester_Project/RPI_PICO/pico-sdk/lib/tinyusb/src/device/usbd.c.obj
 .rodata.pio_add_program.str1.4
                0x1000bc30       0x11 CMakeFiles/dds-sweeper.dir/home/atripathi/Desktop/9th_Semester_Project/RPI_PICO/pico-sdk/src/rp2_common/hardware_pio/pio.c.obj
 *fill*         0x1000bc41        0x3 
 .rodata.dma_claim_unused_channel.str1.4
                0x1000bc44       0x1e CMakeFiles/dds-sweeper.dir/home/atripathi/Desktop/9th_Semester_Project/RPI_PICO/pico-sdk/src/rp2_common/hardware_dma/dma.c.obj
 *fill*         0x1000bc62        0x2 
 .rodata._global_impure_ptr
                0x1000bc64        0x4 /usr/lib/gcc/arm-none-eabi/12.2.0/../../../../arm-none-eabi/lib/thumb/v6-m/nofp/libc.a(lib_a-impure.o)
                0x1000bc64                _global_impure_ptr
                0x1000bc68                        . = ALIGN (0x4)
 *(SORT_BY_ALIGNMENT(SORT_BY_NAME(.flashdata*)))
                0x1000bc68                        . = ALIGN (0x4)

.ARM.extab
 *(.ARM.extab* .gnu.linkonce.armextab.*)
                0x1000bc68                        __exidx_start = .

.ARM.exidx
 *(.ARM.exidx* .gnu.linkonce.armexidx.*)
                0x1000bc68                        __exidx_end = .
                0x1000bc68                        . = ALIGN (0x4)
                0x1000bc68                        __binary_info_start = .

.binary_info    0x1000bc68       0x20
 *(.binary_info.keep.*)
 .binary_info.keep.__bi_ptr81
                0x1000bc68        0x4 CMakeFiles/dds-sweeper.dir/home/atripathi/Desktop/9th_Semester_Project/RPI_PICO/pico-sdk/src/rp2_common/pico_standard_link/binary_info.c.obj
 .binary_info.keep.__bi_ptr75
                0x1000bc6c        0x4 CMakeFiles/dds-sweeper.dir/home/atripathi/Desktop/9th_Semester_Project/RPI_PICO/pico-sdk/src/rp2_common/pico_standard_link/binary_info.c.obj
 .binary_info.keep.__bi_ptr50
                0x1000bc70        0x4 CMakeFiles/dds-sweeper.dir/home/atripathi/Desktop/9th_Semester_Project/RPI_PICO/pico-sdk/src/rp2_common/pico_standard_link/binary_info.c.obj
 .binary_info.keep.__bi_ptr44
                0x1000bc74        0x4 CMakeFiles/dds-sweeper.dir/home/atripathi/Desktop/9th_Semester_Project/RPI_PICO/pico-sdk/src/rp2_common/pico_standard_link/binary_info.c.obj
 .binary_info.keep.__bi_ptr38
                0x1000bc78        0x4 CMakeFiles/dds-sweeper.dir/home/atripathi/Desktop/9th_Semester_Project/RPI_PICO/pico-sdk/src/rp2_common/pico_standard_link/binary_info.c.obj
 .binary_info.keep.__bi_ptr30
                0x1000bc7c        0x4 CMakeFiles/dds-sweeper.dir/home/atripathi/Desktop/9th_Semester_Project/RPI_PICO/pico-sdk/src/rp2_common/pico_standard_link/binary_info.c.obj
 .binary_info.keep.__bi_ptr22
                0x1000bc80        0x4 CMakeFiles/dds-sweeper.dir/home/atripathi/Desktop/9th_Semester_Project/RPI_PICO/pico-sdk/src/rp2_common/pico_standard_link/binary_info.c.obj
 *(.binary_info.*)
 .binary_info.__bi_ptr182
                0x1000bc84        0x4 CMakeFiles/dds-sweeper.dir/home/atripathi/Desktop/9th_Semester_Project/RPI_PICO/pico-sdk/src/rp2_common/pico_stdio_usb/stdio_usb.c.obj
                0x1000bc88                        __binary_info_end = .

.rel.dyn        0x1000bc88        0x0
 .rel.iplt      0x1000bc88        0x0 /usr/lib/gcc/arm-none-eabi/12.2.0/thumb/v6-m/nofp/crtbegin.o
                0x1000bc88                        . = ALIGN (0x4)

.ram_vector_table
                0x20000000       0xc0
 *(.ram_vector_table)
 .ram_vector_table
                0x20000000       0xc0 CMakeFiles/dds-sweeper.dir/home/atripathi/Desktop/9th_Semester_Project/RPI_PICO/pico-sdk/src/rp2_common/pico_runtime/runtime.c.obj
                0x20000000                ram_vector_table

.data           0x200000c0     0x1468 load address 0x1000bc88
                0x200000c0                        __data_start__ = .
 *(vtable)
 *(.time_critical*)
 .time_critical.mutex_enter_blocking
                0x200000c0       0x48 CMakeFiles/dds-sweeper.dir/home/atripathi/Desktop/9th_Semester_Project/RPI_PICO/pico-sdk/src/common/pico_sync/mutex.c.obj
                0x200000c0                mutex_enter_blocking
 .time_critical.mutex_try_enter
                0x20000108       0x40 CMakeFiles/dds-sweeper.dir/home/atripathi/Desktop/9th_Semester_Project/RPI_PICO/pico-sdk/src/common/pico_sync/mutex.c.obj
                0x20000108                mutex_try_enter
 .time_critical.mutex_try_enter_block_until
                0x20000148       0x9c CMakeFiles/dds-sweeper.dir/home/atripathi/Desktop/9th_Semester_Project/RPI_PICO/pico-sdk/src/common/pico_sync/mutex.c.obj
                0x20000148                mutex_try_enter_block_until
 .time_critical.mutex_enter_timeout_ms
                0x200001e4       0x90 CMakeFiles/dds-sweeper.dir/home/atripathi/Desktop/9th_Semester_Project/RPI_PICO/pico-sdk/src/common/pico_sync/mutex.c.obj
                0x200001e4                mutex_enter_timeout_ms
 .time_critical.mutex_exit
                0x20000274       0x28 CMakeFiles/dds-sweeper.dir/home/atripathi/Desktop/9th_Semester_Project/RPI_PICO/pico-sdk/src/common/pico_sync/mutex.c.obj
                0x20000274                mutex_exit
 .time_critical.flash_init_boot2_copyout
                0x2000029c       0x30 CMakeFiles/dds-sweeper.dir/home/atripathi/Desktop/9th_Semester_Project/RPI_PICO/pico-sdk/src/rp2_common/hardware_flash/flash.c.obj
 .time_critical.flash_enable_xip_via_boot2
                0x200002cc        0xc CMakeFiles/dds-sweeper.dir/home/atripathi/Desktop/9th_Semester_Project/RPI_PICO/pico-sdk/src/rp2_common/hardware_flash/flash.c.obj
 .time_critical.flash_cs_force
                0x200002d8       0x38 CMakeFiles/dds-sweeper.dir/home/atripathi/Desktop/9th_Semester_Project/RPI_PICO/pico-sdk/src/rp2_common/hardware_flash/flash.c.obj
 .time_critical.flash_range_erase
                0x20000310       0x80 CMakeFiles/dds-sweeper.dir/home/atripathi/Desktop/9th_Semester_Project/RPI_PICO/pico-sdk/src/rp2_common/hardware_flash/flash.c.obj
                0x20000310                flash_range_erase
 .time_critical.flash_range_program
                0x20000390       0x80 CMakeFiles/dds-sweeper.dir/home/atripathi/Desktop/9th_Semester_Project/RPI_PICO/pico-sdk/src/rp2_common/hardware_flash/flash.c.obj
                0x20000390                flash_range_program
 .time_critical.flash_do_cmd
                0x20000410       0xc0 CMakeFiles/dds-sweeper.dir/home/atripathi/Desktop/9th_Semester_Project/RPI_PICO/pico-sdk/src/rp2_common/hardware_flash/flash.c.obj
                0x20000410                flash_do_cmd
 .time_critical.reset_non_control_endpoints
                0x200004d0       0x68 CMakeFiles/dds-sweeper.dir/home/atripathi/Desktop/9th_Semester_Project/RPI_PICO/pico-sdk/lib/tinyusb/src/portable/raspberrypi/rp2040/dcd_rp2040.c.obj
 .time_critical.hw_handle_buff_status
                0x20000538       0xac CMakeFiles/dds-sweeper.dir/home/atripathi/Desktop/9th_Semester_Project/RPI_PICO/pico-sdk/lib/tinyusb/src/portable/raspberrypi/rp2040/dcd_rp2040.c.obj
 .time_critical.dcd_rp2040_irq
                0x200005e4      0x510 CMakeFiles/dds-sweeper.dir/home/atripathi/Desktop/9th_Semester_Project/RPI_PICO/pico-sdk/lib/tinyusb/src/portable/raspberrypi/rp2040/dcd_rp2040.c.obj
 .time_critical.e15_is_bulkin_ep
                0x20000af4       0x28 CMakeFiles/dds-sweeper.dir/home/atripathi/Desktop/9th_Semester_Project/RPI_PICO/pico-sdk/lib/tinyusb/src/portable/raspberrypi/rp2040/rp2040_usb.c.obj
 .time_critical.e15_is_critical_frame_period
                0x20000b1c       0x34 CMakeFiles/dds-sweeper.dir/home/atripathi/Desktop/9th_Semester_Project/RPI_PICO/pico-sdk/lib/tinyusb/src/portable/raspberrypi/rp2040/rp2040_usb.c.obj
 .time_critical.prepare_ep_buffer
                0x20000b50       0x6c CMakeFiles/dds-sweeper.dir/home/atripathi/Desktop/9th_Semester_Project/RPI_PICO/pico-sdk/lib/tinyusb/src/portable/raspberrypi/rp2040/rp2040_usb.c.obj
 .time_critical.sync_ep_buffer
                0x20000bbc       0x48 CMakeFiles/dds-sweeper.dir/home/atripathi/Desktop/9th_Semester_Project/RPI_PICO/pico-sdk/lib/tinyusb/src/portable/raspberrypi/rp2040/rp2040_usb.c.obj
 .time_critical._hw_endpoint_xfer_sync
                0x20000c04       0x28 CMakeFiles/dds-sweeper.dir/home/atripathi/Desktop/9th_Semester_Project/RPI_PICO/pico-sdk/lib/tinyusb/src/portable/raspberrypi/rp2040/rp2040_usb.c.obj
 .time_critical.hw_endpoint_reset_transfer
                0x20000c2c        0xc CMakeFiles/dds-sweeper.dir/home/atripathi/Desktop/9th_Semester_Project/RPI_PICO/pico-sdk/lib/tinyusb/src/portable/raspberrypi/rp2040/rp2040_usb.c.obj
                0x20000c2c                hw_endpoint_reset_transfer
 .time_critical._hw_endpoint_buffer_control_update32
                0x20000c38       0x58 CMakeFiles/dds-sweeper.dir/home/atripathi/Desktop/9th_Semester_Project/RPI_PICO/pico-sdk/lib/tinyusb/src/portable/raspberrypi/rp2040/rp2040_usb.c.obj
                0x20000c38                _hw_endpoint_buffer_control_update32
 .time_critical.hw_endpoint_start_next_buffer
                0x20000c90       0x6c CMakeFiles/dds-sweeper.dir/home/atripathi/Desktop/9th_Semester_Project/RPI_PICO/pico-sdk/lib/tinyusb/src/portable/raspberrypi/rp2040/rp2040_usb.c.obj
                0x20000c90                hw_endpoint_start_next_buffer
 .time_critical.hw_endpoint_xfer_continue
                0x20000cfc       0x50 CMakeFiles/dds-sweeper.dir/home/atripathi/Desktop/9th_Semester_Project/RPI_PICO/pico-sdk/lib/tinyusb/src/portable/raspberrypi/rp2040/rp2040_usb.c.obj
                0x20000cfc                hw_endpoint_xfer_continue
 .time_critical.tinyusb
                0x20000d4c      0x170 CMakeFiles/dds-sweeper.dir/home/atripathi/Desktop/9th_Semester_Project/RPI_PICO/pico-sdk/lib/tinyusb/src/device/usbd.c.obj
                0x20000d4c                dcd_event_handler
 .time_critical.spi_write_blocking
                0x20000ebc       0x4c CMakeFiles/dds-sweeper.dir/home/atripathi/Desktop/9th_Semester_Project/RPI_PICO/pico-sdk/src/rp2_common/hardware_spi/spi.c.obj
                0x20000ebc                spi_write_blocking
 .time_critical.spi_read_blocking
                0x20000f08       0x68 CMakeFiles/dds-sweeper.dir/home/atripathi/Desktop/9th_Semester_Project/RPI_PICO/pico-sdk/src/rp2_common/hardware_spi/spi.c.obj
                0x20000f08                spi_read_blocking
 *(.text*)
 .text          0x20000f70        0x4 /usr/lib/gcc/arm-none-eabi/12.2.0/thumb/v6-m/nofp/libgcc.a(_dvmd_tls.o)
                0x20000f70                __aeabi_ldiv0
                0x20000f70                __aeabi_idiv0
 *fill*         0x20000f74        0x4 
 .text.__stub   0x20000f78       0x80 linker stubs
                0x20000ff8                        . = ALIGN (0x4)
 *(.rodata*)
                0x20000ff8                        . = ALIGN (0x4)
 *(.data*)
 .data.DEBUG    0x20000ff8        0x1 CMakeFiles/dds-sweeper.dir/dds-sweeper.c.obj
                0x20000ff8                DEBUG
 .data.striped_spin_lock_num
                0x20000ff9        0x1 CMakeFiles/dds-sweeper.dir/home/atripathi/Desktop/9th_Semester_Project/RPI_PICO/pico-sdk/src/rp2_common/hardware_sync/sync.c.obj
 *fill*         0x20000ffa        0x2 
 .data          0x20000ffc       0x48 CMakeFiles/dds-sweeper.dir/home/atripathi/Desktop/9th_Semester_Project/RPI_PICO/pico-sdk/src/rp2_common/hardware_irq/irq_handler_chain.S.obj
                0x20000ffc                irq_handler_chain_slots
                0x2000102c                irq_handler_chain_first_slot
                0x20001036                irq_handler_chain_remove_tail
 .data.default_alarm_pool
                0x20001044       0x18 CMakeFiles/dds-sweeper.dir/home/atripathi/Desktop/9th_Semester_Project/RPI_PICO/pico-sdk/src/common/pico_time/time.c.obj
 .data.default_alarm_pool_heap
                0x2000105c       0x10 CMakeFiles/dds-sweeper.dir/home/atripathi/Desktop/9th_Semester_Project/RPI_PICO/pico-sdk/src/common/pico_time/time.c.obj
 *fill*         0x2000106c        0x4 
 .data.aeabi_bits_funcs
                0x20001070       0x10 CMakeFiles/dds-sweeper.dir/home/atripathi/Desktop/9th_Semester_Project/RPI_PICO/pico-sdk/src/rp2_common/pico_bit_ops/bit_ops_aeabi.S.obj
                0x20001070                aeabi_bits_funcs
                0x20001080                aeabi_bits_funcs_end
 .data.aeabi_mem_funcs
                0x20001080       0x10 CMakeFiles/dds-sweeper.dir/home/atripathi/Desktop/9th_Semester_Project/RPI_PICO/pico-sdk/src/rp2_common/pico_mem_ops/mem_ops_aeabi.S.obj
                0x20001080                aeabi_mem_funcs
                0x20001090                aeabi_mem_funcs_end
 .data.stdio_usb
                0x20001090       0x18 CMakeFiles/dds-sweeper.dir/home/atripathi/Desktop/9th_Semester_Project/RPI_PICO/pico-sdk/src/rp2_common/pico_stdio_usb/stdio_usb.c.obj
                0x20001090                stdio_usb
 .data.ep_dir_string
                0x200010a8        0x8 CMakeFiles/dds-sweeper.dir/home/atripathi/Desktop/9th_Semester_Project/RPI_PICO/pico-sdk/lib/tinyusb/src/portable/raspberrypi/rp2040/rp2040_usb.c.obj
                0x200010a8                ep_dir_string
 .data._usbd_qdef
                0x200010b0       0x1c CMakeFiles/dds-sweeper.dir/home/atripathi/Desktop/9th_Semester_Project/RPI_PICO/pico-sdk/lib/tinyusb/src/device/usbd.c.obj
                0x200010b0                _usbd_qdef
 .data._usbd_rhport
                0x200010cc        0x1 CMakeFiles/dds-sweeper.dir/home/atripathi/Desktop/9th_Semester_Project/RPI_PICO/pico-sdk/lib/tinyusb/src/device/usbd.c.obj
 *fill*         0x200010cd        0x3 
 .data.impure_data
                0x200010d0      0x428 /usr/lib/gcc/arm-none-eabi/12.2.0/../../../../arm-none-eabi/lib/thumb/v6-m/nofp/libc.a(lib_a-impure.o)
 .data.__atexit_recursive_mutex
                0x200014f8        0x4 /usr/lib/gcc/arm-none-eabi/12.2.0/../../../../arm-none-eabi/lib/thumb/v6-m/nofp/libc.a(lib_a-__call_atexit.o)
                0x200014f8                __atexit_recursive_mutex
                0x200014fc                        . = ALIGN (0x4)
 *(.after_data.*)
                0x200014fc                        . = ALIGN (0x4)
                0x200014fc                        PROVIDE (__mutex_array_start = .)
 *(SORT_BY_NAME(.mutex_array.*))
 *(.mutex_array)
 .mutex_array   0x200014fc        0x8 CMakeFiles/dds-sweeper.dir/home/atripathi/Desktop/9th_Semester_Project/RPI_PICO/pico-sdk/src/rp2_common/pico_malloc/pico_malloc.c.obj
 .mutex_array   0x20001504        0x8 CMakeFiles/dds-sweeper.dir/home/atripathi/Desktop/9th_Semester_Project/RPI_PICO/pico-sdk/src/rp2_common/pico_stdio/stdio.c.obj
                0x2000150c                        PROVIDE (__mutex_array_end = .)
                0x2000150c                        . = ALIGN (0x4)
                0x2000150c                        PROVIDE (__preinit_array_start = .)
 *(SORT_BY_NAME(.preinit_array.*))
 .preinit_array.00001
                0x2000150c        0x4 CMakeFiles/dds-sweeper.dir/home/atripathi/Desktop/9th_Semester_Project/RPI_PICO/pico-sdk/src/rp2_common/pico_mem_ops/mem_ops_aeabi.S.obj
 .preinit_array.00010
                0x20001510        0x4 CMakeFiles/dds-sweeper.dir/home/atripathi/Desktop/9th_Semester_Project/RPI_PICO/pico-sdk/src/rp2_common/pico_bit_ops/bit_ops_aeabi.S.obj
 .preinit_array.00020
                0x20001514        0x4 CMakeFiles/dds-sweeper.dir/home/atripathi/Desktop/9th_Semester_Project/RPI_PICO/pico-sdk/src/rp2_common/pico_double/double_aeabi.S.obj
 .preinit_array.00020
                0x20001518        0x4 CMakeFiles/dds-sweeper.dir/home/atripathi/Desktop/9th_Semester_Project/RPI_PICO/pico-sdk/src/rp2_common/pico_float/float_aeabi.S.obj
 *(.preinit_array)
                0x2000151c                        PROVIDE (__preinit_array_end = .)
                0x2000151c                        . = ALIGN (0x4)
                0x2000151c                        PROVIDE (__init_array_start = .)
 *(SORT_BY_NAME(.init_array.*))
 .init_array.00000
                0x2000151c        0x4 /usr/lib/gcc/arm-none-eabi/12.2.0/../../../../arm-none-eabi/lib/thumb/v6-m/nofp/libc.a(lib_a-__call_atexit.o)
 *(.init_array)
 .init_array    0x20001520        0x4 /usr/lib/gcc/arm-none-eabi/12.2.0/thumb/v6-m/nofp/crtbegin.o
 .init_array    0x20001524        0x4 CMakeFiles/dds-sweeper.dir/home/atripathi/Desktop/9th_Semester_Project/RPI_PICO/pico-sdk/src/rp2_common/pico_unique_id/unique_id.c.obj
                0x20001528                        PROVIDE (__init_array_end = .)
                0x20001528                        . = ALIGN (0x4)
                0x20001528                        PROVIDE (__fini_array_start = .)
 *(SORT_BY_NAME(.fini_array.*))
 *(.fini_array)
                0x20001528                        PROVIDE (__fini_array_end = .)
 *(.jcr)
                0x20001528                        . = ALIGN (0x4)
                0x20001528                        __data_end__ = .
                0x1000bc88                        __etext = LOADADDR (.data)

.tm_clone_table
                0x20001528        0x0 load address 0x1000d0f0
 .tm_clone_table
                0x20001528        0x0 /usr/lib/gcc/arm-none-eabi/12.2.0/thumb/v6-m/nofp/crtbegin.o
 .tm_clone_table
                0x20001528        0x0 /usr/lib/gcc/arm-none-eabi/12.2.0/thumb/v6-m/nofp/crtend.o

.igot.plt       0x20001528        0x0 load address 0x1000d0f0
 .igot.plt      0x20001528        0x0 /usr/lib/gcc/arm-none-eabi/12.2.0/thumb/v6-m/nofp/crtbegin.o

.uninitialized_data
                0x20001528        0x0 load address 0x1000d0f0
                0x20001528                        . = ALIGN (0x4)
 *(.uninitialized_data*)

.scratch_x      0x20040000        0x0 load address 0x1000d0f0
                0x20040000                        __scratch_x_start__ = .
 *(.scratch_x.*)
                0x20040000                        . = ALIGN (0x4)
                0x20040000                        __scratch_x_end__ = .
                0x1000d0f0                        __scratch_x_source__ = LOADADDR (.scratch_x)

.scratch_y      0x20041000        0x0 load address 0x1000d0f0
                0x20041000                        __scratch_y_start__ = .
 *(.scratch_y.*)
                0x20041000                        . = ALIGN (0x4)
                0x20041000                        __scratch_y_end__ = .
                0x1000d0f0                        __scratch_y_source__ = LOADADDR (.scratch_y)

.bss            0x20001528    0x3ded4
                0x20001528                        . = ALIGN (0x4)
                0x20001528                        __bss_start__ = .
 *(SORT_BY_ALIGNMENT(SORT_BY_NAME(.bss*)))
 .bss.ad9959    0x20001528       0x18 CMakeFiles/dds-sweeper.dir/dds-sweeper.c.obj
                0x20001528                ad9959
 .bss.configured_freq
                0x20001540       0x28 CMakeFiles/dds-sweeper.dir/home/atripathi/Desktop/9th_Semester_Project/RPI_PICO/pico-sdk/src/rp2_common/hardware_clocks/clocks.c.obj
 .bss.default_alarm_pool_entries
                0x20001568      0x100 CMakeFiles/dds-sweeper.dir/home/atripathi/Desktop/9th_Semester_Project/RPI_PICO/pico-sdk/src/common/pico_time/time.c.obj
 .bss.last_avail_time.1
                0x20001668        0x8 CMakeFiles/dds-sweeper.dir/home/atripathi/Desktop/9th_Semester_Project/RPI_PICO/pico-sdk/src/rp2_common/pico_stdio_usb/stdio_usb.c.obj
 .bss.sd_table  0x20001670      0x100 CMakeFiles/dds-sweeper.dir/home/atripathi/Desktop/9th_Semester_Project/RPI_PICO/pico-sdk/src/rp2_common/pico_double/double_init_rom.c.obj
                0x20001670                sd_table
 .bss.sf_table  0x20001770      0x100 CMakeFiles/dds-sweeper.dir/home/atripathi/Desktop/9th_Semester_Project/RPI_PICO/pico-sdk/src/rp2_common/pico_float/float_init_rom.c.obj
                0x20001770                sf_table
 .bss           0x20001870       0x1c /usr/lib/gcc/arm-none-eabi/12.2.0/thumb/v6-m/nofp/crtbegin.o
 .bss.INS_SIZE  0x2000188c        0x4 CMakeFiles/dds-sweeper.dir/dds-sweeper.c.obj
                0x2000188c                INS_SIZE
 .bss.__lock___atexit_recursive_mutex
                0x20001890        0x1 /usr/lib/gcc/arm-none-eabi/12.2.0/../../../../arm-none-eabi/lib/thumb/v6-m/nofp/libc.a(lib_a-lock.o)
                0x20001890                __lock___atexit_recursive_mutex
 *fill*         0x20001891        0x3 
 .bss._app_driver
                0x20001894        0x4 CMakeFiles/dds-sweeper.dir/home/atripathi/Desktop/9th_Semester_Project/RPI_PICO/pico-sdk/lib/tinyusb/src/device/usbd.c.obj
 .bss._cdcd_itf
                0x20001898      0x2c8 CMakeFiles/dds-sweeper.dir/home/atripathi/Desktop/9th_Semester_Project/RPI_PICO/pico-sdk/lib/tinyusb/src/class/cdc/cdc_device.c.obj
 .bss._ctrl_xfer
                0x20001b60       0x14 CMakeFiles/dds-sweeper.dir/home/atripathi/Desktop/9th_Semester_Project/RPI_PICO/pico-sdk/lib/tinyusb/src/device/usbd_control.c.obj
 .bss._ubsd_mutexdef
                0x20001b74        0x8 CMakeFiles/dds-sweeper.dir/home/atripathi/Desktop/9th_Semester_Project/RPI_PICO/pico-sdk/lib/tinyusb/src/device/usbd.c.obj
 .bss._usbd_ctrl_buf
                0x20001b7c       0x40 CMakeFiles/dds-sweeper.dir/home/atripathi/Desktop/9th_Semester_Project/RPI_PICO/pico-sdk/lib/tinyusb/src/device/usbd_control.c.obj
 .bss._usbd_dev
                0x20001bbc       0x53 CMakeFiles/dds-sweeper.dir/home/atripathi/Desktop/9th_Semester_Project/RPI_PICO/pico-sdk/lib/tinyusb/src/device/usbd.c.obj
 *fill*         0x20001c0f        0x1 
 .bss._usbd_mutex